Archive member included to satisfy reference by file (symbol)

C:/Users/oguzk/OneDrive/Belgeler/KON309/NXP/compiler/bin/../lib/gcc/arm-none-eabi/14.3.1/thumb/v6-m/nofp\libgcc.a(_thumb1_case_sqi.o)
                              build/fsl_str.o (__gnu_thumb1_case_sqi)
C:/Users/oguzk/OneDrive/Belgeler/KON309/NXP/compiler/bin/../lib/gcc/arm-none-eabi/14.3.1/thumb/v6-m/nofp\libgcc.a(_thumb1_case_uqi.o)
                              build/fsl_clock.o (__gnu_thumb1_case_uqi)
C:/Users/oguzk/OneDrive/Belgeler/KON309/NXP/compiler/bin/../lib/gcc/arm-none-eabi/14.3.1/thumb/v6-m/nofp\libgcc.a(_udivsi3.o)
                              build/system_LPC824.o (__aeabi_uidiv)
C:/Users/oguzk/OneDrive/Belgeler/KON309/NXP/compiler/bin/../lib/gcc/arm-none-eabi/14.3.1/thumb/v6-m/nofp\libgcc.a(_dvmd_tls.o)
                              C:/Users/oguzk/OneDrive/Belgeler/KON309/NXP/compiler/bin/../lib/gcc/arm-none-eabi/14.3.1/thumb/v6-m/nofp\libgcc.a(_udivsi3.o) (__aeabi_idiv0)
C:/Users/oguzk/OneDrive/Belgeler/KON309/NXP/compiler/bin/../lib/gcc/arm-none-eabi/14.3.1/thumb/v6-m/nofp\libgcc.a(_aeabi_uldivmod.o)
                              build/fsl_common_arm.o (__aeabi_uldivmod)
C:/Users/oguzk/OneDrive/Belgeler/KON309/NXP/compiler/bin/../lib/gcc/arm-none-eabi/14.3.1/thumb/v6-m/nofp\libgcc.a(_muldi3.o)
                              build/fsl_common_arm.o (__aeabi_lmul)
C:/Users/oguzk/OneDrive/Belgeler/KON309/NXP/compiler/bin/../lib/gcc/arm-none-eabi/14.3.1/thumb/v6-m/nofp\libgcc.a(_udivmoddi4.o)
                              C:/Users/oguzk/OneDrive/Belgeler/KON309/NXP/compiler/bin/../lib/gcc/arm-none-eabi/14.3.1/thumb/v6-m/nofp\libgcc.a(_aeabi_uldivmod.o) (__udivmoddi4)
C:/Users/oguzk/OneDrive/Belgeler/KON309/NXP/compiler/bin/../lib/gcc/arm-none-eabi/14.3.1/thumb/v6-m/nofp\libgcc.a(muldf3.o)
                              build/part3.o (__aeabi_dmul)
C:/Users/oguzk/OneDrive/Belgeler/KON309/NXP/compiler/bin/../lib/gcc/arm-none-eabi/14.3.1/thumb/v6-m/nofp\libgcc.a(fixdfsi.o)
                              build/part3.o (__aeabi_d2iz)
C:/Users/oguzk/OneDrive/Belgeler/KON309/NXP/compiler/bin/../lib/gcc/arm-none-eabi/14.3.1/thumb/v6-m/nofp\libgcc.a(floatunsidf.o)
                              build/part3.o (__aeabi_ui2d)
C:/Users/oguzk/OneDrive/Belgeler/KON309/NXP/compiler/bin/../lib/gcc/arm-none-eabi/14.3.1/thumb/v6-m/nofp\libgcc.a(_clzsi2.o)
                              C:/Users/oguzk/OneDrive/Belgeler/KON309/NXP/compiler/bin/../lib/gcc/arm-none-eabi/14.3.1/thumb/v6-m/nofp\libgcc.a(muldf3.o) (__clzsi2)
C:/Users/oguzk/OneDrive/Belgeler/KON309/NXP/compiler/bin/../lib/gcc/arm-none-eabi/14.3.1/thumb/v6-m/nofp\libgcc.a(_clzdi2.o)
                              C:/Users/oguzk/OneDrive/Belgeler/KON309/NXP/compiler/bin/../lib/gcc/arm-none-eabi/14.3.1/thumb/v6-m/nofp\libgcc.a(_udivmoddi4.o) (__clzdi2)
C:/Users/oguzk/OneDrive/Belgeler/KON309/NXP/compiler/bin/../lib/gcc/arm-none-eabi/14.3.1/../../../../arm-none-eabi/lib/thumb/v6-m/nofp\libc_nano.a(libc_a-exit.o)
                              C:/Users/oguzk/OneDrive/Belgeler/KON309/NXP/compiler/bin/../lib/gcc/arm-none-eabi/14.3.1/../../../../arm-none-eabi/lib/thumb/v6-m/nofp/crt0.o (exit)
C:/Users/oguzk/OneDrive/Belgeler/KON309/NXP/compiler/bin/../lib/gcc/arm-none-eabi/14.3.1/../../../../arm-none-eabi/lib/thumb/v6-m/nofp\libc_nano.a(libc_a-malloc.o)
                              build/fsl_common.o (malloc)
C:/Users/oguzk/OneDrive/Belgeler/KON309/NXP/compiler/bin/../lib/gcc/arm-none-eabi/14.3.1/../../../../arm-none-eabi/lib/thumb/v6-m/nofp\libc_nano.a(libc_a-mallocr.o)
                              C:/Users/oguzk/OneDrive/Belgeler/KON309/NXP/compiler/bin/../lib/gcc/arm-none-eabi/14.3.1/../../../../arm-none-eabi/lib/thumb/v6-m/nofp\libc_nano.a(libc_a-malloc.o) (_malloc_r)
C:/Users/oguzk/OneDrive/Belgeler/KON309/NXP/compiler/bin/../lib/gcc/arm-none-eabi/14.3.1/../../../../arm-none-eabi/lib/thumb/v6-m/nofp\libc_nano.a(libc_a-mlock.o)
                              C:/Users/oguzk/OneDrive/Belgeler/KON309/NXP/compiler/bin/../lib/gcc/arm-none-eabi/14.3.1/../../../../arm-none-eabi/lib/thumb/v6-m/nofp\libc_nano.a(libc_a-mallocr.o) (__malloc_lock)
C:/Users/oguzk/OneDrive/Belgeler/KON309/NXP/compiler/bin/../lib/gcc/arm-none-eabi/14.3.1/../../../../arm-none-eabi/lib/thumb/v6-m/nofp\libc_nano.a(libc_a-strtoul.o)
                              build/fsl_str.o (strtoul)
C:/Users/oguzk/OneDrive/Belgeler/KON309/NXP/compiler/bin/../lib/gcc/arm-none-eabi/14.3.1/../../../../arm-none-eabi/lib/thumb/v6-m/nofp\libc_nano.a(libc_a-ctype_.o)
                              C:/Users/oguzk/OneDrive/Belgeler/KON309/NXP/compiler/bin/../lib/gcc/arm-none-eabi/14.3.1/../../../../arm-none-eabi/lib/thumb/v6-m/nofp\libc_nano.a(libc_a-strtoul.o) (_ctype_)
C:/Users/oguzk/OneDrive/Belgeler/KON309/NXP/compiler/bin/../lib/gcc/arm-none-eabi/14.3.1/../../../../arm-none-eabi/lib/thumb/v6-m/nofp\libc_nano.a(libc_a-findfp.o)
[...]
Memory Configuration

Name             Origin             Length             Attributes
m_interrupts     0x00000000         0x00000200         xr
m_crp            0x000002fc         0x00000004         xr
m_text           0x00000300         0x00007d00         xr
m_data           0x10000000         0x00001fe0         rw
*default*        0x00000000         0xffffffff

Linker script and memory map

LOAD C:/Users/oguzk/OneDrive/Belgeler/KON309/NXP/compiler/bin/../lib/gcc/arm-none-eabi/14.3.1/thumb/v6-m/nofp/crti.o
LOAD C:/Users/oguzk/OneDrive/Belgeler/KON309/NXP/compiler/bin/../lib/gcc/arm-none-eabi/14.3.1/thumb/v6-m/nofp/crtbegin.o
LOAD C:/Users/oguzk/OneDrive/Belgeler/KON309/NXP/compiler/bin/../lib/gcc/arm-none-eabi/14.3.1/../../../../arm-none-eabi/lib/thumb/v6-m/nofp/crt0.o
LOAD build/part3.o
LOAD build/pin_mux.o
LOAD build/system_LPC824.o
LOAD build/fsl_common.o
LOAD build/fsl_common_arm.o
LOAD build/fsl_gpio.o
LOAD build/fsl_power.o
LOAD build/fsl_clock.o
LOAD build/fsl_reset.o
LOAD build/fsl_swm.o
LOAD build/fsl_syscon.o
LOAD build/fsl_adc.o
LOAD build/fsl_sctimer.o
LOAD build/fsl_usart.o
LOAD build/fsl_adapter_miniusart.o
LOAD build/fsl_debug_console.o
LOAD build/fsl_str.o
LOAD build/startup_LPC824.o
START GROUP
LOAD C:/Users/oguzk/OneDrive/Belgeler/KON309/NXP/compiler/bin/../lib/gcc/arm-none-eabi/14.3.1/thumb/v6-m/nofp\libgcc.a
LOAD C:/Users/oguzk/OneDrive/Belgeler/KON309/NXP/compiler/bin/../lib/gcc/arm-none-eabi/14.3.1/../../../../arm-none-eabi/lib/thumb/v6-m/nofp\libc_nano.a
END GROUP
START GROUP
LOAD C:/Users/oguzk/OneDrive/Belgeler/KON309/NXP/compiler/bin/../lib/gcc/arm-none-eabi/14.3.1/thumb/v6-m/nofp\libgcc.a
LOAD C:/Users/oguzk/OneDrive/Belgeler/KON309/NXP/compiler/bin/../lib/gcc/arm-none-eabi/14.3.1/../../../../arm-none-eabi/lib/thumb/v6-m/nofp\libc_nano.a
LOAD C:/Users/oguzk/OneDrive/Belgeler/KON309/NXP/compiler/bin/../lib/gcc/arm-none-eabi/14.3.1/../../../../arm-none-eabi/lib/thumb/v6-m/nofp\libnosys.a
END GROUP
START GROUP
LOAD C:/Users/oguzk/OneDrive/Belgeler/KON309/NXP/compiler/bin/../lib/gcc/arm-none-eabi/14.3.1/thumb/v6-m/nofp\libgcc.a
LOAD C:/Users/oguzk/OneDrive/Belgeler/KON309/NXP/compiler/bin/../lib/gcc/arm-none-eabi/14.3.1/../../../../arm-none-eabi/lib/thumb/v6-m/nofp\libc_nano.a
LOAD C:/Users/oguzk/OneDrive/Belgeler/KON309/NXP/compiler/bin/../lib/gcc/arm-none-eabi/14.3.1/../../../../arm-none-eabi/lib/thumb/v6-m/nofp\libnosys.a
END GROUP
LOAD C:/Users/oguzk/OneDrive/Belgeler/KON309/NXP/compiler/bin/../lib/gcc/arm-none-eabi/14.3.1/thumb/v6-m/nofp/crtend.o
LOAD C:/Users/oguzk/OneDrive/Belgeler/KON309/NXP/compiler/bin/../lib/gcc/arm-none-eabi/14.3.1/thumb/v6-m/nofp/crtn.o
                0x00000400                        HEAP_SIZE = DEFINED (__heap_size__)?__heap_size__:0x400
                0x00000800                        STACK_SIZE = DEFINED (__stack_size__)?__stack_size__:0x800

.interrupts     0x00000000       0xc0
                0x00000000                        . = ALIGN (0x4)
 *(.isr_vector)
 .isr_vector    0x00000000       0xc0 build/startup_LPC824.o
                0x00000000                __Vectors
                0x000000c0                        . = ALIGN (0x4)

.crp            0x000002fc        0x4
                0x000002fc                        . = ALIGN (0x4)
 *(.crp)
 .crp           0x000002fc        0x4 build/startup_LPC824.o
                0x00000300                        . = ALIGN (0x4)

.text           0x00000300     0x3a90
                0x00000300                        . = ALIGN (0x4)
 *(.text)
 .text          0x00000300        0x0 C:/Users/oguzk/OneDrive/Belgeler/KON309/NXP/compiler/bin/../lib/gcc/arm-none-eabi/14.3.1/thumb/v6-m/nofp/crti.o
 .text          0x00000300        0x0 C:/Users/oguzk/OneDrive/Belgeler/KON309/NXP/compiler/bin/../lib/gcc/arm-none-eabi/14.3.1/thumb/v6-m/nofp/crtbegin.o
 .text          0x00000300       0x80 C:/Users/oguzk/OneDrive/Belgeler/KON309/NXP/compiler/bin/../lib/gcc/arm-none-eabi/14.3.1/../../../../arm-none-eabi/lib/thumb/v6-m/nofp/crt0.o
                0x00000300                _stack_init
                0x0000030c                _start
                0x0000030c                _mainCRTStartup
 .text          0x00000380      0x224 build/part3.o
                0x00000380                ADC0_SEQA_IRQHandler
                0x000003d8                adc_init
                0x00000428                ADC_Configuration
                0x0000048c                SCT_Configuration
                0x00000514                uart_init
                0x0000054c                clock_init
 .text          0x000005a4       0x54 build/pin_mux.o
                0x000005a4                InitPins
 .text          0x000005f8       0xbc build/system_LPC824.o
                0x000005f8                SystemCoreClockUpdate
                0x0000068c                SystemInitHook
                0x0000068e                SystemInit
 .text          0x000006b4       0x60 build/fsl_common.o
                0x000006b4                SDK_Malloc
                0x000006f8                SDK_Free
 .text          0x00000714       0x28 build/fsl_common_arm.o
                0x00000714                SDK_DelayAtLeastUs
 .text          0x0000073c       0x64 build/fsl_gpio.o
                0x0000073c                GPIO_PortInit
                0x00000754                GPIO_PinInit
 .text          0x000007a0      0x178 build/fsl_power.o
                0x000007a0                POWER_EnterSleep
                0x000007cc                POWER_EnterDeepSleep
                0x00000814                POWER_EnterPowerDown
                0x0000085c                POWER_EnterDeepPowerDownMode
                0x00000890                EnableDeepSleepIRQ
                0x000008d4                DisableDeepSleepIRQ
 .text          0x00000918      0x428 build/fsl_clock.o
                0x0000092c                CLOCK_GetIrcFreq
                0x00000934                CLOCK_GetSysOscFreq
                0x00000950                CLOCK_GetSystemPLLInClockRate
                0x00000988                CLOCK_GetMainClkFreq
                0x000009cc                CLOCK_GetClockOutClkFreq
                0x00000a1c                CLOCK_GetUartClkFreq
                0x00000a54                CLOCK_GetUart0ClkFreq
                0x00000a5c                CLOCK_GetUart1ClkFreq
                0x00000a64                CLOCK_GetUart2ClkFreq
                0x00000a6c                CLOCK_GetFreq
                0x00000ac8                CLOCK_InitSystemPll
                0x00000b64                CLOCK_InitExtClkin
                0x00000b94                CLOCK_InitXtalin
                0x00000bec                CLOCK_InitSysOsc
                0x00000c5c                CLOCK_InitWdtOsc
                0x00000ca0                CLOCK_SetMainClkSrc
                0x00000cd4                CLOCK_SetUARTFRGClkFreq
                0x00000d30                CLOCK_UpdateClkOUTsrc
 .text          0x00000d40       0x18 build/fsl_reset.o
                0x00000d40                RESET_PeripheralReset
 .text          0x00000d58       0x42 build/fsl_swm.o
                0x00000d58                SWM_SetMovablePinSelect
                0x00000d76                SWM_SetFixedPinSelect
 .text          0x00000d9a        0xe build/fsl_syscon.o
                0x00000d9a                SYSCON_AttachSignal
 .text          0x00000da8      0x19c build/fsl_adc.o
                0x00000da8                ADC_Init
                0x00000de0                ADC_GetDefaultConfig
                0x00000dec                ADC_Deinit
                0x00000e00                ADC_DoSelfCalibration
                0x00000e58                ADC_SetConvSeqAConfig
                0x00000e92                ADC_SetConvSeqBConfig
                0x00000ecc                ADC_GetConvSeqAGlobalConversionResult
                0x00000ef2                ADC_GetConvSeqBGlobalConversionResult
                0x00000f18                ADC_GetChannelConversionResult
 .text          0x00000f44      0x554 build/fsl_sctimer.o
                0x00000f44                SCTIMER_EventHandleIRQ
                0x00000f84                SCTIMER_Init
                0x0000102c                SCTIMER_Deinit
                0x0000104c                SCTIMER_GetDefaultConfig
                0x00001064                SCTIMER_UpdatePwmDutycycle
                0x000010ee                SCTIMER_CreateAndScheduleEvent
                0x0000120c                SCTIMER_SetupPwm
                0x00001374                SCTIMER_ScheduleEvent
                0x00001394                SCTIMER_IncreaseState
                0x000013ac                SCTIMER_GetCurrentState
                0x000013b8                SCTIMER_SetupOutputToggleAction
                0x000013e8                SCTIMER_SetupCaptureAction
                0x00001478                SCTIMER_SetCallback
                0x00001484                SCT0_DriverIRQHandler
 .text          0x00001498      0x630 build/fsl_usart.o
                0x00001498                USART_GetInstance
                0x000014c4                USART_TransferGetRxRingBufferLength
                0x000014de                USART_TransferHandleIRQ
                0x00001624                USART_TransferStartRingBuffer
                0x00001636                USART_TransferStopRingBuffer
                0x00001652                USART_Deinit
                0x00001680                USART_GetDefaultConfig
                0x0000169a                USART_SetBaudRate
                0x00001730                USART_Init
                0x0000182c                USART_WriteBlocking
                0x00001850                USART_ReadBlocking
                0x000018c4                USART_TransferCreateHandle
                0x00001924                USART_TransferSendNonBlocking
                0x00001958                USART_TransferAbortSend
                0x0000196e                USART_TransferGetSendCount
                0x00001986                USART_TransferReceiveNonBlocking
                0x00001a50                USART_TransferAbortReceive
                0x00001a68                USART_TransferGetReceiveCount
                0x00001a80                USART0_DriverIRQHandler
                0x00001a98                USART1_DriverIRQHandler
                0x00001ab0                USART2_DriverIRQHandler
 .text          0x00001ac8       0xc0 build/fsl_adapter_miniusart.o
                0x00001ac8                HAL_UartInit
                0x00001b2c                HAL_UartDeinit
                0x00001b44                HAL_UartReceiveBlocking
                0x00001b68                HAL_UartSendBlocking
                0x00001b80                HAL_UartEnterLowpower
                0x00001b84                HAL_UartExitLowpower
 .text          0x00001b88      0x350 build/fsl_debug_console.o
                0x00001bd6                DbgConsole_Init
                0x00001c20                DbgConsole_Deinit
                0x00001c3c                DbgConsole_Putchar
                0x00001c60                DbgConsole_Vprintf
                0x00001e38                DbgConsole_Printf
                0x00001e4e                DbgConsole_Getchar
                0x00001e78                DbgConsole_Scanf
 .text          0x00001ed8      0x4e0 build/fsl_str.o
                0x00001f10                StrFormatPrintf
                0x00002128                StrFormatScanf
 .text          0x000023b8      0x164 build/startup_LPC824.o
                0x000023b8                Reset_Handler
                0x000023ec                I2C0_DriverIRQHandler
                0x000023ec                Reserved22_DriverIRQHandler
                0x000023ec                Reserved39_DriverIRQHandler
                0x000023ec                SPI0_DriverIRQHandler
                0x000023ec                ADC0_OVR_DriverIRQHandler
                0x000023ec                ADC0_SEQA_DriverIRQHandler
                0x000023ec                DMA0_DriverIRQHandler
                0x000023ec                ADC0_SEQB_DriverIRQHandler
                0x000023ec                SPI1_DriverIRQHandler
                0x000023ec                CMP_DriverIRQHandler
                0x000023ec                PIN_INT7_DriverIRQHandler
                0x000023ec                ADC0_THCMP_DriverIRQHandler
                0x000023ec                PIN_INT6_DriverIRQHandler
                0x000023ec                I2C1_DriverIRQHandler
                0x000023ec                I2C3_DriverIRQHandler
                0x000023ec                BOD_DriverIRQHandler
                0x000023ec                PIN_INT3_DriverIRQHandler
                0x000023ec                PIN_INT2_DriverIRQHandler
                0x000023ec                FLASH_DriverIRQHandler
                0x000023ec                I2C2_DriverIRQHandler
                0x000023ec                PIN_INT0_DriverIRQHandler
                0x000023ec                PIN_INT1_DriverIRQHandler
                0x000023ec                PIN_INT5_DriverIRQHandler
                0x000023ec                WDT_DriverIRQHandler
                0x000023ec                DefaultISR
                0x000023ec                Reserved18_DriverIRQHandler
                0x000023ec                WKT_DriverIRQHandler
                0x000023ec                MRT0_DriverIRQHandler
                0x000023ec                PIN_INT4_DriverIRQHandler
                0x000023f0                NMI_Handler
                0x000023f4                HardFault_Handler
                0x000023f8                SVC_Handler
                0x000023fc                PendSV_Handler
                0x00002400                SysTick_Handler
                0x00002404                SPI0_IRQHandler
                0x00002408                SPI1_IRQHandler
                0x0000240c                Reserved18_IRQHandler
                0x00002410                USART0_IRQHandler
                0x00002414                USART1_IRQHandler
                0x00002418                USART2_IRQHandler
                0x0000241c                Reserved22_IRQHandler
                0x00002420                I2C1_IRQHandler
                0x00002424                I2C0_IRQHandler
                0x00002428                SCT0_IRQHandler
                0x0000242c                MRT0_IRQHandler
                0x00002430                CMP_IRQHandler
                0x00002434                WDT_IRQHandler
                0x00002438                BOD_IRQHandler
                0x0000243c                FLASH_IRQHandler
                0x00002440                WKT_IRQHandler
                0x00002448                ADC0_SEQB_IRQHandler
                0x0000244c                ADC0_THCMP_IRQHandler
                0x00002450                ADC0_OVR_IRQHandler
                0x00002454                DMA0_IRQHandler
                0x00002458                I2C2_IRQHandler
                0x0000245c                I2C3_IRQHandler
                0x00002460                Reserved39_IRQHandler
                0x00002464                PIN_INT0_IRQHandler
                0x00002468                PIN_INT1_IRQHandler
                0x0000246c                PIN_INT2_IRQHandler
                0x00002470                PIN_INT3_IRQHandler
                0x00002474                PIN_INT4_IRQHandler
                0x00002478                PIN_INT5_IRQHandler
                0x0000247c                PIN_INT6_IRQHandler
                0x00002480                PIN_INT7_IRQHandler
 .text          0x0000251c       0x14 C:/Users/oguzk/OneDrive/Belgeler/KON309/NXP/compiler/bin/../lib/gcc/arm-none-eabi/14.3.1/thumb/v6-m/nofp\libgcc.a(_thumb1_case_sqi.o)
                0x0000251c                __gnu_thumb1_case_sqi
 .text          0x00002530       0x14 C:/Users/oguzk/OneDrive/Belgeler/KON309/NXP/compiler/bin/../lib/gcc/arm-none-eabi/14.3.1/thumb/v6-m/nofp\libgcc.a(_thumb1_case_uqi.o)
                0x00002530                __gnu_thumb1_case_uqi
 .text          0x00002544      0x114 C:/Users/oguzk/OneDrive/Belgeler/KON309/NXP/compiler/bin/../lib/gcc/arm-none-eabi/14.3.1/thumb/v6-m/nofp\libgcc.a(_udivsi3.o)
                0x00002544                __aeabi_uidiv
                0x00002544                __udivsi3
                0x00002650                __aeabi_uidivmod
 .text          0x00002658        0x4 C:/Users/oguzk/OneDrive/Belgeler/KON309/NXP/compiler/bin/../lib/gcc/arm-none-eabi/14.3.1/thumb/v6-m/nofp\libgcc.a(_dvmd_tls.o)
                0x00002658                __aeabi_idiv0
                0x00002658                __aeabi_ldiv0
 .text          0x0000265c       0x40 C:/Users/oguzk/OneDrive/Belgeler/KON309/NXP/compiler/bin/../lib/gcc/arm-none-eabi/14.3.1/thumb/v6-m/nofp\libgcc.a(_aeabi_uldivmod.o)
                0x0000265c                __aeabi_uldivmod
 .text          0x0000269c        0x0 C:/Users/oguzk/OneDrive/Belgeler/KON309/NXP/compiler/bin/../lib/gcc/arm-none-eabi/14.3.1/thumb/v6-m/nofp\libgcc.a(_muldi3.o)
 .text          0x0000269c        0x0 C:/Users/oguzk/OneDrive/Belgeler/KON309/NXP/compiler/bin/../lib/gcc/arm-none-eabi/14.3.1/thumb/v6-m/nofp\libgcc.a(_udivmoddi4.o)
 .text          0x0000269c        0x0 C:/Users/oguzk/OneDrive/Belgeler/KON309/NXP/compiler/bin/../lib/gcc/arm-none-eabi/14.3.1/thumb/v6-m/nofp\libgcc.a(muldf3.o)
 .text          0x0000269c        0x0 C:/Users/oguzk/OneDrive/Belgeler/KON309/NXP/compiler/bin/../lib/gcc/arm-none-eabi/14.3.1/thumb/v6-m/nofp\libgcc.a(fixdfsi.o)
 .text          0x0000269c        0x0 C:/Users/oguzk/OneDrive/Belgeler/KON309/NXP/compiler/bin/../lib/gcc/arm-none-eabi/14.3.1/thumb/v6-m/nofp\libgcc.a(floatunsidf.o)
 .text          0x0000269c       0x3c C:/Users/oguzk/OneDrive/Belgeler/KON309/NXP/compiler/bin/../lib/gcc/arm-none-eabi/14.3.1/thumb/v6-m/nofp\libgcc.a(_clzsi2.o)
                0x0000269c                __clzsi2
 .text          0x000026d8       0x18 C:/Users/oguzk/OneDrive/Belgeler/KON309/NXP/compiler/bin/../lib/gcc/arm-none-eabi/14.3.1/thumb/v6-m/nofp\libgcc.a(_clzdi2.o)
                0x000026d8                __clzdi2
 .text          0x000026f0        0x0 C:/Users/oguzk/OneDrive/Belgeler/KON309/NXP/compiler/bin/../lib/gcc/arm-none-eabi/14.3.1/../../../../arm-none-eabi/lib/thumb/v6-m/nofp\libc_nano.a(libc_a-exit.o)
 .text          0x000026f0        0x0 C:/Users/oguzk/OneDrive/Belgeler/KON309/NXP/compiler/bin/../lib/gcc/arm-none-eabi/14.3.1/../../../../arm-none-eabi/lib/thumb/v6-m/nofp\libc_nano.a(libc_a-malloc.o)
 .text          0x000026f0        0x0 C:/Users/oguzk/OneDrive/Belgeler/KON309/NXP/compiler/bin/../lib/gcc/arm-none-eabi/14.3.1/../../../../arm-none-eabi/lib/thumb/v6-m/nofp\libc_nano.a(libc_a-mallocr.o)
 .text          0x000026f0        0x0 C:/Users/oguzk/OneDrive/Belgeler/KON309/NXP/compiler/bin/../lib/gcc/arm-none-eabi/14.3.1/../../../../arm-none-eabi/lib/thumb/v6-m/nofp\libc_nano.a(libc_a-mlock.o)
 .text          0x000026f0        0x0 C:/Users/oguzk/OneDrive/Belgeler/KON309/NXP/compiler/bin/../lib/gcc/arm-none-eabi/14.3.1/../../../../arm-none-eabi/lib/thumb/v6-m/nofp\libc_nano.a(libc_a-strtoul.o)
 .text          0x000026f0        0x0 C:/Users/oguzk/OneDrive/Belgeler/KON309/NXP/compiler/bin/../lib/gcc/arm-none-eabi/14.3.1/../../../../arm-none-eabi/lib/thumb/v6-m/nofp\libc_nano.a(libc_a-ctype_.o)
 .text          0x000026f0        0x0 C:/Users/oguzk/OneDrive/Belgeler/KON309/NXP/compiler/bin/../lib/gcc/arm-none-eabi/14.3.1/../../../../arm-none-eabi/lib/thumb/v6-m/nofp\libc_nano.a(libc_a-findfp.o)
 .text          0x000026f0        0x0 C:/Users/oguzk/OneDrive/Belgeler/KON309/NXP/compiler/bin/../lib/gcc/arm-none-eabi/14.3.1/../../../../arm-none-eabi/lib/thumb/v6-m/nofp\libc_nano.a(libc_a-fwalk.o)
 .text          0x000026f0        0x0 C:/Users/oguzk/OneDrive/Belgeler/KON309/NXP/compiler/bin/../lib/gcc/arm-none-eabi/14.3.1/../../../../arm-none-eabi/lib/thumb/v6-m/nofp\libc_nano.a(libc_a-stdio.o)
 .text          0x000026f0        0x0 C:/Users/oguzk/OneDrive/Belgeler/KON309/NXP/compiler/bin/../lib/gcc/arm-none-eabi/14.3.1/../../../../arm-none-eabi/lib/thumb/v6-m/nofp\libc_nano.a(libc_a-memset.o)
 .text          0x000026f0        0x0 C:/Users/oguzk/OneDrive/Belgeler/KON309/NXP/compiler/bin/../lib/gcc/arm-none-eabi/14.3.1/../../../../arm-none-eabi/lib/thumb/v6-m/nofp\libc_nano.a(libc_a-closer.o)
 .text          0x000026f0        0x0 C:/Users/oguzk/OneDrive/Belgeler/KON309/NXP/compiler/bin/../lib/gcc/arm-none-eabi/14.3.1/../../../../arm-none-eabi/lib/thumb/v6-m/nofp\libc_nano.a(libc_a-reent.o)
 .text          0x000026f0        0x0 C:/Users/oguzk/OneDrive/Belgeler/KON309/NXP/compiler/bin/../lib/gcc/arm-none-eabi/14.3.1/../../../../arm-none-eabi/lib/thumb/v6-m/nofp\libc_nano.a(libc_a-impure.o)
 .text          0x000026f0        0x0 C:/Users/oguzk/OneDrive/Belgeler/KON309/NXP/compiler/bin/../lib/gcc/arm-none-eabi/14.3.1/../../../../arm-none-eabi/lib/thumb/v6-m/nofp\libc_nano.a(libc_a-lseekr.o)
 .text          0x000026f0        0x0 C:/Users/oguzk/OneDrive/Belgeler/KON309/NXP/compiler/bin/../lib/gcc/arm-none-eabi/14.3.1/../../../../arm-none-eabi/lib/thumb/v6-m/nofp\libc_nano.a(libc_a-readr.o)
 .text          0x000026f0        0x0 C:/Users/oguzk/OneDrive/Belgeler/KON309/NXP/compiler/bin/../lib/gcc/arm-none-eabi/14.3.1/../../../../arm-none-eabi/lib/thumb/v6-m/nofp\libc_nano.a(libc_a-sbrkr.o)
 .text          0x000026f0        0x0 C:/Users/oguzk/OneDrive/Belgeler/KON309/NXP/compiler/bin/../lib/gcc/arm-none-eabi/14.3.1/../../../../arm-none-eabi/lib/thumb/v6-m/nofp\libc_nano.a(libc_a-writer.o)
 .text          0x000026f0        0x0 C:/Users/oguzk/OneDrive/Belgeler/KON309/NXP/compiler/bin/../lib/gcc/arm-none-eabi/14.3.1/../../../../arm-none-eabi/lib/thumb/v6-m/nofp\libc_nano.a(libc_a-errno.o)
 .text          0x000026f0        0x0 C:/Users/oguzk/OneDrive/Belgeler/KON309/NXP/compiler/bin/../lib/gcc/arm-none-eabi/14.3.1/../../../../arm-none-eabi/lib/thumb/v6-m/nofp\libc_nano.a(libc_a-init.o)
 .text          0x000026f0        0x0 C:/Users/oguzk/OneDrive/Belgeler/KON309/NXP/compiler/bin/../lib/gcc/arm-none-eabi/14.3.1/../../../../arm-none-eabi/lib/thumb/v6-m/nofp\libc_nano.a(libc_a-lock.o)
 .text          0x000026f0        0x0 C:/Users/oguzk/OneDrive/Belgeler/KON309/NXP/compiler/bin/../lib/gcc/arm-none-eabi/14.3.1/../../../../arm-none-eabi/lib/thumb/v6-m/nofp\libc_nano.a(libc_a-memcpy-stub.o)
 .text          0x000026f0        0xe C:/Users/oguzk/OneDrive/Belgeler/KON309/NXP/compiler/bin/../lib/gcc/arm-none-eabi/14.3.1/../../../../arm-none-eabi/lib/thumb/v6-m/nofp\libc_nano.a(libc_a-strlen.o)
                0x000026f0                strlen
 .text          0x000026fe        0x0 C:/Users/oguzk/OneDrive/Belgeler/KON309/NXP/compiler/bin/../lib/gcc/arm-none-eabi/14.3.1/../../../../arm-none-eabi/lib/thumb/v6-m/nofp\libc_nano.a(libc_a-freer.o)
 .text          0x000026fe        0x0 C:/Users/oguzk/OneDrive/Belgeler/KON309/NXP/compiler/bin/../lib/gcc/arm-none-eabi/14.3.1/../../../../arm-none-eabi/lib/thumb/v6-m/nofp\libc_nano.a(libc_a-fflush.o)
 .text          0x000026fe        0x0 C:/Users/oguzk/OneDrive/Belgeler/KON309/NXP/compiler/bin/../lib/gcc/arm-none-eabi/14.3.1/../../../../arm-none-eabi/lib/thumb/v6-m/nofp\libnosys.a(close.o)
 .text          0x000026fe        0x0 C:/Users/oguzk/OneDrive/Belgeler/KON309/NXP/compiler/bin/../lib/gcc/arm-none-eabi/14.3.1/../../../../arm-none-eabi/lib/thumb/v6-m/nofp\libnosys.a(lseek.o)
 .text          0x000026fe        0x0 C:/Users/oguzk/OneDrive/Belgeler/KON309/NXP/compiler/bin/../lib/gcc/arm-none-eabi/14.3.1/../../../../arm-none-eabi/lib/thumb/v6-m/nofp\libnosys.a(read.o)
 .text          0x000026fe        0x0 C:/Users/oguzk/OneDrive/Belgeler/KON309/NXP/compiler/bin/../lib/gcc/arm-none-eabi/14.3.1/../../../../arm-none-eabi/lib/thumb/v6-m/nofp\libnosys.a(sbrk.o)
 .text          0x000026fe        0x0 C:/Users/oguzk/OneDrive/Belgeler/KON309/NXP/compiler/bin/../lib/gcc/arm-none-eabi/14.3.1/../../../../arm-none-eabi/lib/thumb/v6-m/nofp\libnosys.a(write.o)
 .text          0x000026fe        0x0 C:/Users/oguzk/OneDrive/Belgeler/KON309/NXP/compiler/bin/../lib/gcc/arm-none-eabi/14.3.1/../../../../arm-none-eabi/lib/thumb/v6-m/nofp\libnosys.a(_exit.o)
 .text          0x000026fe        0x0 C:/Users/oguzk/OneDrive/Belgeler/KON309/NXP/compiler/bin/../lib/gcc/arm-none-eabi/14.3.1/thumb/v6-m/nofp/crtend.o
 .text          0x000026fe        0x0 C:/Users/oguzk/OneDrive/Belgeler/KON309/NXP/compiler/bin/../lib/gcc/arm-none-eabi/14.3.1/thumb/v6-m/nofp/crtn.o
 *(.text*)
 *fill*         0x000026fe        0x2 
 .text.deregister_tm_clones
                0x00002700       0x20 C:/Users/oguzk/OneDrive/Belgeler/KON309/NXP/compiler/bin/../lib/gcc/arm-none-eabi/14.3.1/thumb/v6-m/nofp/crtbegin.o
 .text.register_tm_clones
                0x00002720       0x28 C:/Users/oguzk/OneDrive/Belgeler/KON309/NXP/compiler/bin/../lib/gcc/arm-none-eabi/14.3.1/thumb/v6-m/nofp/crtbegin.o
 .text.__do_global_dtors_aux
                0x00002748       0x2c C:/Users/oguzk/OneDrive/Belgeler/KON309/NXP/compiler/bin/../lib/gcc/arm-none-eabi/14.3.1/thumb/v6-m/nofp/crtbegin.o
 .text.frame_dummy
                0x00002774       0x24 C:/Users/oguzk/OneDrive/Belgeler/KON309/NXP/compiler/bin/../lib/gcc/arm-none-eabi/14.3.1/thumb/v6-m/nofp/crtbegin.o
 .text.startup  0x00002798       0x9c build/part3.o
                0x00002798                main
 .text.__muldi3
                0x00002834       0x5c C:/Users/oguzk/OneDrive/Belgeler/KON309/NXP/compiler/bin/../lib/gcc/arm-none-eabi/14.3.1/thumb/v6-m/nofp\libgcc.a(_muldi3.o)
                0x00002834                __muldi3
                0x00002834                __aeabi_lmul
 .text.__udivmoddi4
                0x00002890      0x198 C:/Users/oguzk/OneDrive/Belgeler/KON309/NXP/compiler/bin/../lib/gcc/arm-none-eabi/14.3.1/thumb/v6-m/nofp\libgcc.a(_udivmoddi4.o)
                0x00002890                __udivmoddi4
 .text.__aeabi_dmul
                0x00002a28      0x590 C:/Users/oguzk/OneDrive/Belgeler/KON309/NXP/compiler/bin/../lib/gcc/arm-none-eabi/14.3.1/thumb/v6-m/nofp\libgcc.a(muldf3.o)
                0x00002a28                __aeabi_dmul
 .text.__aeabi_d2iz
                0x00002fb8       0x78 C:/Users/oguzk/OneDrive/Belgeler/KON309/NXP/compiler/bin/../lib/gcc/arm-none-eabi/14.3.1/thumb/v6-m/nofp\libgcc.a(fixdfsi.o)
                0x00002fb8                __aeabi_d2iz
 .text.__aeabi_ui2d
                0x00003030       0x48 C:/Users/oguzk/OneDrive/Belgeler/KON309/NXP/compiler/bin/../lib/gcc/arm-none-eabi/14.3.1/thumb/v6-m/nofp\libgcc.a(floatunsidf.o)
                0x00003030                __aeabi_ui2d
 .text.exit     0x00003078       0x28 C:/Users/oguzk/OneDrive/Belgeler/KON309/NXP/compiler/bin/../lib/gcc/arm-none-eabi/14.3.1/../../../../arm-none-eabi/lib/thumb/v6-m/nofp\libc_nano.a(libc_a-exit.o)
                0x00003078                exit
 .text.malloc   0x000030a0       0x14 C:/Users/oguzk/OneDrive/Belgeler/KON309/NXP/compiler/bin/../lib/gcc/arm-none-eabi/14.3.1/../../../../arm-none-eabi/lib/thumb/v6-m/nofp\libc_nano.a(libc_a-malloc.o)
                0x000030a0                malloc
 .text.free     0x000030b4       0x14 C:/Users/oguzk/OneDrive/Belgeler/KON309/NXP/compiler/bin/../lib/gcc/arm-none-eabi/14.3.1/../../../../arm-none-eabi/lib/thumb/v6-m/nofp\libc_nano.a(libc_a-malloc.o)
                0x000030b4                free
 .text.sbrk_aligned
                0x000030c8       0x44 C:/Users/oguzk/OneDrive/Belgeler/KON309/NXP/compiler/bin/../lib/gcc/arm-none-eabi/14.3.1/../../../../arm-none-eabi/lib/thumb/v6-m/nofp\libc_nano.a(libc_a-mallocr.o)
 .text._malloc_r
                0x0000310c      0x100 C:/Users/oguzk/OneDrive/Belgeler/KON309/NXP/compiler/bin/../lib/gcc/arm-none-eabi/14.3.1/../../../../arm-none-eabi/lib/thumb/v6-m/nofp\libc_nano.a(libc_a-mallocr.o)
                0x0000310c                _malloc_r
 .text.__malloc_lock
                0x0000320c       0x10 C:/Users/oguzk/OneDrive/Belgeler/KON309/NXP/compiler/bin/../lib/gcc/arm-none-eabi/14.3.1/../../../../arm-none-eabi/lib/thumb/v6-m/nofp\libc_nano.a(libc_a-mlock.o)
                0x0000320c                __malloc_lock
 .text.__malloc_unlock
                0x0000321c       0x10 C:/Users/oguzk/OneDrive/Belgeler/KON309/NXP/compiler/bin/../lib/gcc/arm-none-eabi/14.3.1/../../../../arm-none-eabi/lib/thumb/v6-m/nofp\libc_nano.a(libc_a-mlock.o)
                0x0000321c                __malloc_unlock
 .text._strtoul_l.isra.0
                0x0000322c      0x100 C:/Users/oguzk/OneDrive/Belgeler/KON309/NXP/compiler/bin/../lib/gcc/arm-none-eabi/14.3.1/../../../../arm-none-eabi/lib/thumb/v6-m/nofp\libc_nano.a(libc_a-strtoul.o)
 .text._strtoul_r
                0x0000332c        0x8 C:/Users/oguzk/OneDrive/Belgeler/KON309/NXP/compiler/bin/../lib/gcc/arm-none-eabi/14.3.1/../../../../arm-none-eabi/lib/thumb/v6-m/nofp\libc_nano.a(libc_a-strtoul.o)
                0x0000332c                _strtoul_r
 .text.strtoul_l
                0x00003334       0x18 C:/Users/oguzk/OneDrive/Belgeler/KON309/NXP/compiler/bin/../lib/gcc/arm-none-eabi/14.3.1/../../../../arm-none-eabi/lib/thumb/v6-m/nofp\libc_nano.a(libc_a-strtoul.o)
                0x00003334                strtoul_l
 .text.strtoul  0x0000334c       0x18 C:/Users/oguzk/OneDrive/Belgeler/KON309/NXP/compiler/bin/../lib/gcc/arm-none-eabi/14.3.1/../../../../arm-none-eabi/lib/thumb/v6-m/nofp\libc_nano.a(libc_a-strtoul.o)
                0x0000334c                strtoul
 .text.std      0x00003364       0x6c C:/Users/oguzk/OneDrive/Belgeler/KON309/NXP/compiler/bin/../lib/gcc/arm-none-eabi/14.3.1/../../../../arm-none-eabi/lib/thumb/v6-m/nofp\libc_nano.a(libc_a-findfp.o)
 .text.stdio_exit_handler
                0x000033d0       0x1c C:/Users/oguzk/OneDrive/Belgeler/KON309/NXP/compiler/bin/../lib/gcc/arm-none-eabi/14.3.1/../../../../arm-none-eabi/lib/thumb/v6-m/nofp\libc_nano.a(libc_a-findfp.o)
 .text.cleanup_stdio
                0x000033ec       0x3c C:/Users/oguzk/OneDrive/Belgeler/KON309/NXP/compiler/bin/../lib/gcc/arm-none-eabi/14.3.1/../../../../arm-none-eabi/lib/thumb/v6-m/nofp\libc_nano.a(libc_a-findfp.o)
 .text.__fp_lock
                0x00003428       0x18 C:/Users/oguzk/OneDrive/Belgeler/KON309/NXP/compiler/bin/../lib/gcc/arm-none-eabi/14.3.1/../../../../arm-none-eabi/lib/thumb/v6-m/nofp\libc_nano.a(libc_a-findfp.o)
 .text.__fp_unlock
                0x00003440       0x18 C:/Users/oguzk/OneDrive/Belgeler/KON309/NXP/compiler/bin/../lib/gcc/arm-none-eabi/14.3.1/../../../../arm-none-eabi/lib/thumb/v6-m/nofp\libc_nano.a(libc_a-findfp.o)
 .text.global_stdio_init.part.0
                0x00003458       0x3c C:/Users/oguzk/OneDrive/Belgeler/KON309/NXP/compiler/bin/../lib/gcc/arm-none-eabi/14.3.1/../../../../arm-none-eabi/lib/thumb/v6-m/nofp\libc_nano.a(libc_a-findfp.o)
 .text.__sfp_lock_acquire
                0x00003494       0x10 C:/Users/oguzk/OneDrive/Belgeler/KON309/NXP/compiler/bin/../lib/gcc/arm-none-eabi/14.3.1/../../../../arm-none-eabi/lib/thumb/v6-m/nofp\libc_nano.a(libc_a-findfp.o)
                0x00003494                __sfp_lock_acquire
 .text.__sfp_lock_release
                0x000034a4       0x10 C:/Users/oguzk/OneDrive/Belgeler/KON309/NXP/compiler/bin/../lib/gcc/arm-none-eabi/14.3.1/../../../../arm-none-eabi/lib/thumb/v6-m/nofp\libc_nano.a(libc_a-findfp.o)
                0x000034a4                __sfp_lock_release
 .text.__sfp    0x000034b4       0xa8 C:/Users/oguzk/OneDrive/Belgeler/KON309/NXP/compiler/bin/../lib/gcc/arm-none-eabi/14.3.1/../../../../arm-none-eabi/lib/thumb/v6-m/nofp\libc_nano.a(libc_a-findfp.o)
                0x000034b4                __sfp
 .text.__sinit  0x0000355c       0x30 C:/Users/oguzk/OneDrive/Belgeler/KON309/NXP/compiler/bin/../lib/gcc/arm-none-eabi/14.3.1/../../../../arm-none-eabi/lib/thumb/v6-m/nofp\libc_nano.a(libc_a-findfp.o)
                0x0000355c                __sinit
 .text.__fp_lock_all
                0x0000358c       0x1c C:/Users/oguzk/OneDrive/Belgeler/KON309/NXP/compiler/bin/../lib/gcc/arm-none-eabi/14.3.1/../../../../arm-none-eabi/lib/thumb/v6-m/nofp\libc_nano.a(libc_a-findfp.o)
                0x0000358c                __fp_lock_all
 .text.__fp_unlock_all
                0x000035a8       0x1c C:/Users/oguzk/OneDrive/Belgeler/KON309/NXP/compiler/bin/../lib/gcc/arm-none-eabi/14.3.1/../../../../arm-none-eabi/lib/thumb/v6-m/nofp\libc_nano.a(libc_a-findfp.o)
                0x000035a8                __fp_unlock_all
 .text._fwalk_sglue
                0x000035c4       0x38 C:/Users/oguzk/OneDrive/Belgeler/KON309/NXP/compiler/bin/../lib/gcc/arm-none-eabi/14.3.1/../../../../arm-none-eabi/lib/thumb/v6-m/nofp\libc_nano.a(libc_a-fwalk.o)
                0x000035c4                _fwalk_sglue
 .text.__sread  0x000035fc       0x28 C:/Users/oguzk/OneDrive/Belgeler/KON309/NXP/compiler/bin/../lib/gcc/arm-none-eabi/14.3.1/../../../../arm-none-eabi/lib/thumb/v6-m/nofp\libc_nano.a(libc_a-stdio.o)
                0x000035fc                __sread
 .text.__seofread
                0x00003624        0x4 C:/Users/oguzk/OneDrive/Belgeler/KON309/NXP/compiler/bin/../lib/gcc/arm-none-eabi/14.3.1/../../../../arm-none-eabi/lib/thumb/v6-m/nofp\libc_nano.a(libc_a-stdio.o)
                0x00003624                __seofread
 .text.__swrite
                0x00003628       0x38 C:/Users/oguzk/OneDrive/Belgeler/KON309/NXP/compiler/bin/../lib/gcc/arm-none-eabi/14.3.1/../../../../arm-none-eabi/lib/thumb/v6-m/nofp\libc_nano.a(libc_a-stdio.o)
                0x00003628                __swrite
 .text.__sseek  0x00003660       0x2c C:/Users/oguzk/OneDrive/Belgeler/KON309/NXP/compiler/bin/../lib/gcc/arm-none-eabi/14.3.1/../../../../arm-none-eabi/lib/thumb/v6-m/nofp\libc_nano.a(libc_a-stdio.o)
                0x00003660                __sseek
 .text.__sclose
                0x0000368c        0xc C:/Users/oguzk/OneDrive/Belgeler/KON309/NXP/compiler/bin/../lib/gcc/arm-none-eabi/14.3.1/../../../../arm-none-eabi/lib/thumb/v6-m/nofp\libc_nano.a(libc_a-stdio.o)
                0x0000368c                __sclose
 .text.memset   0x00003698       0x10 C:/Users/oguzk/OneDrive/Belgeler/KON309/NXP/compiler/bin/../lib/gcc/arm-none-eabi/14.3.1/../../../../arm-none-eabi/lib/thumb/v6-m/nofp\libc_nano.a(libc_a-memset.o)
                0x00003698                memset
 .text._close_r
                0x000036a8       0x24 C:/Users/oguzk/OneDrive/Belgeler/KON309/NXP/compiler/bin/../lib/gcc/arm-none-eabi/14.3.1/../../../../arm-none-eabi/lib/thumb/v6-m/nofp\libc_nano.a(libc_a-closer.o)
                0x000036a8                _close_r
 .text._reclaim_reent
                0x000036cc       0xd4 C:/Users/oguzk/OneDrive/Belgeler/KON309/NXP/compiler/bin/../lib/gcc/arm-none-eabi/14.3.1/../../../../arm-none-eabi/lib/thumb/v6-m/nofp\libc_nano.a(libc_a-reent.o)
                0x000036cc                _reclaim_reent
 .text._lseek_r
                0x000037a0       0x28 C:/Users/oguzk/OneDrive/Belgeler/KON309/NXP/compiler/bin/../lib/gcc/arm-none-eabi/14.3.1/../../../../arm-none-eabi/lib/thumb/v6-m/nofp\libc_nano.a(libc_a-lseekr.o)
                0x000037a0                _lseek_r
 .text._read_r  0x000037c8       0x28 C:/Users/oguzk/OneDrive/Belgeler/KON309/NXP/compiler/bin/../lib/gcc/arm-none-eabi/14.3.1/../../../../arm-none-eabi/lib/thumb/v6-m/nofp\libc_nano.a(libc_a-readr.o)
                0x000037c8                _read_r
 .text._sbrk_r  0x000037f0       0x24 C:/Users/oguzk/OneDrive/Belgeler/KON309/NXP/compiler/bin/../lib/gcc/arm-none-eabi/14.3.1/../../../../arm-none-eabi/lib/thumb/v6-m/nofp\libc_nano.a(libc_a-sbrkr.o)
                0x000037f0                _sbrk_r
 .text._write_r
                0x00003814       0x28 C:/Users/oguzk/OneDrive/Belgeler/KON309/NXP/compiler/bin/../lib/gcc/arm-none-eabi/14.3.1/../../../../arm-none-eabi/lib/thumb/v6-m/nofp\libc_nano.a(libc_a-writer.o)
                0x00003814                _write_r
 .text.__errno  0x0000383c        0xc C:/Users/oguzk/OneDrive/Belgeler/KON309/NXP/compiler/bin/../lib/gcc/arm-none-eabi/14.3.1/../../../../arm-none-eabi/lib/thumb/v6-m/nofp\libc_nano.a(libc_a-errno.o)
                0x0000383c                __errno
 .text.__libc_init_array
                0x00003848       0x48 C:/Users/oguzk/OneDrive/Belgeler/KON309/NXP/compiler/bin/../lib/gcc/arm-none-eabi/14.3.1/../../../../arm-none-eabi/lib/thumb/v6-m/nofp\libc_nano.a(libc_a-init.o)
                0x00003848                __libc_init_array
 .text.__retarget_lock_init
                0x00003890        0x2 C:/Users/oguzk/OneDrive/Belgeler/KON309/NXP/compiler/bin/../lib/gcc/arm-none-eabi/14.3.1/../../../../arm-none-eabi/lib/thumb/v6-m/nofp\libc_nano.a(libc_a-lock.o)
                0x00003890                __retarget_lock_init
 .text.__retarget_lock_init_recursive
                0x00003892        0x2 C:/Users/oguzk/OneDrive/Belgeler/KON309/NXP/compiler/bin/../lib/gcc/arm-none-eabi/14.3.1/../../../../arm-none-eabi/lib/thumb/v6-m/nofp\libc_nano.a(libc_a-lock.o)
                0x00003892                __retarget_lock_init_recursive
 .text.__retarget_lock_close
                0x00003894        0x2 C:/Users/oguzk/OneDrive/Belgeler/KON309/NXP/compiler/bin/../lib/gcc/arm-none-eabi/14.3.1/../../../../arm-none-eabi/lib/thumb/v6-m/nofp\libc_nano.a(libc_a-lock.o)
                0x00003894                __retarget_lock_close
 .text.__retarget_lock_close_recursive
                0x00003896        0x2 C:/Users/oguzk/OneDrive/Belgeler/KON309/NXP/compiler/bin/../lib/gcc/arm-none-eabi/14.3.1/../../../../arm-none-eabi/lib/thumb/v6-m/nofp\libc_nano.a(libc_a-lock.o)
                0x00003896                __retarget_lock_close_recursive
 .text.__retarget_lock_acquire
                0x00003898        0x2 C:/Users/oguzk/OneDrive/Belgeler/KON309/NXP/compiler/bin/../lib/gcc/arm-none-eabi/14.3.1/../../../../arm-none-eabi/lib/thumb/v6-m/nofp\libc_nano.a(libc_a-lock.o)
                0x00003898                __retarget_lock_acquire
 .text.__retarget_lock_acquire_recursive
                0x0000389a        0x2 C:/Users/oguzk/OneDrive/Belgeler/KON309/NXP/compiler/bin/../lib/gcc/arm-none-eabi/14.3.1/../../../../arm-none-eabi/lib/thumb/v6-m/nofp\libc_nano.a(libc_a-lock.o)
                0x0000389a                __retarget_lock_acquire_recursive
 .text.__retarget_lock_try_acquire
                0x0000389c        0x4 C:/Users/oguzk/OneDrive/Belgeler/KON309/NXP/compiler/bin/../lib/gcc/arm-none-eabi/14.3.1/../../../../arm-none-eabi/lib/thumb/v6-m/nofp\libc_nano.a(libc_a-lock.o)
                0x0000389c                __retarget_lock_try_acquire
 .text.__retarget_lock_try_acquire_recursive
                0x000038a0        0x4 C:/Users/oguzk/OneDrive/Belgeler/KON309/NXP/compiler/bin/../lib/gcc/arm-none-eabi/14.3.1/../../../../arm-none-eabi/lib/thumb/v6-m/nofp\libc_nano.a(libc_a-lock.o)
                0x000038a0                __retarget_lock_try_acquire_recursive
 .text.__retarget_lock_release
                0x000038a4        0x2 C:/Users/oguzk/OneDrive/Belgeler/KON309/NXP/compiler/bin/../lib/gcc/arm-none-eabi/14.3.1/../../../../arm-none-eabi/lib/thumb/v6-m/nofp\libc_nano.a(libc_a-lock.o)
                0x000038a4                __retarget_lock_release
 .text.__retarget_lock_release_recursive
                0x000038a6        0x2 C:/Users/oguzk/OneDrive/Belgeler/KON309/NXP/compiler/bin/../lib/gcc/arm-none-eabi/14.3.1/../../../../arm-none-eabi/lib/thumb/v6-m/nofp\libc_nano.a(libc_a-lock.o)
                0x000038a6                __retarget_lock_release_recursive
 .text.memcpy   0x000038a8       0x12 C:/Users/oguzk/OneDrive/Belgeler/KON309/NXP/compiler/bin/../lib/gcc/arm-none-eabi/14.3.1/../../../../arm-none-eabi/lib/thumb/v6-m/nofp\libc_nano.a(libc_a-memcpy-stub.o)
                0x000038a8                memcpy
 *fill*         0x000038ba        0x2 
 .text._free_r  0x000038bc       0x94 C:/Users/oguzk/OneDrive/Belgeler/KON309/NXP/compiler/bin/../lib/gcc/arm-none-eabi/14.3.1/../../../../arm-none-eabi/lib/thumb/v6-m/nofp\libc_nano.a(libc_a-freer.o)
                0x000038bc                _free_r
 .text.__sflush_r
                0x00003950      0x114 C:/Users/oguzk/OneDrive/Belgeler/KON309/NXP/compiler/bin/../lib/gcc/arm-none-eabi/14.3.1/../../../../arm-none-eabi/lib/thumb/v6-m/nofp\libc_nano.a(libc_a-fflush.o)
                0x00003950                __sflush_r
 .text._fflush_r
                0x00003a64       0x56 C:/Users/oguzk/OneDrive/Belgeler/KON309/NXP/compiler/bin/../lib/gcc/arm-none-eabi/14.3.1/../../../../arm-none-eabi/lib/thumb/v6-m/nofp\libc_nano.a(libc_a-fflush.o)
                0x00003a64                _fflush_r
 *fill*         0x00003aba        0x2 
 .text.fflush   0x00003abc       0x30 C:/Users/oguzk/OneDrive/Belgeler/KON309/NXP/compiler/bin/../lib/gcc/arm-none-eabi/14.3.1/../../../../arm-none-eabi/lib/thumb/v6-m/nofp\libc_nano.a(libc_a-fflush.o)
                0x00003abc                fflush
 .text._close   0x00003aec       0x10 C:/Users/oguzk/OneDrive/Belgeler/KON309/NXP/compiler/bin/../lib/gcc/arm-none-eabi/14.3.1/../../../../arm-none-eabi/lib/thumb/v6-m/nofp\libnosys.a(close.o)
                0x00003aec                _close
 .text._lseek   0x00003afc       0x10 C:/Users/oguzk/OneDrive/Belgeler/KON309/NXP/compiler/bin/../lib/gcc/arm-none-eabi/14.3.1/../../../../arm-none-eabi/lib/thumb/v6-m/nofp\libnosys.a(lseek.o)
                0x00003afc                _lseek
 .text._read    0x00003b0c       0x10 C:/Users/oguzk/OneDrive/Belgeler/KON309/NXP/compiler/bin/../lib/gcc/arm-none-eabi/14.3.1/../../../../arm-none-eabi/lib/thumb/v6-m/nofp\libnosys.a(read.o)
                0x00003b0c                _read
 .text._sbrk    0x00003b1c       0x1c C:/Users/oguzk/OneDrive/Belgeler/KON309/NXP/compiler/bin/../lib/gcc/arm-none-eabi/14.3.1/../../../../arm-none-eabi/lib/thumb/v6-m/nofp\libnosys.a(sbrk.o)
                0x00003b1c                _sbrk
 .text._write   0x00003b38       0x10 C:/Users/oguzk/OneDrive/Belgeler/KON309/NXP/compiler/bin/../lib/gcc/arm-none-eabi/14.3.1/../../../../arm-none-eabi/lib/thumb/v6-m/nofp\libnosys.a(write.o)
                0x00003b38                _write
 .text._exit    0x00003b48        0x4 C:/Users/oguzk/OneDrive/Belgeler/KON309/NXP/compiler/bin/../lib/gcc/arm-none-eabi/14.3.1/../../../../arm-none-eabi/lib/thumb/v6-m/nofp\libnosys.a(_exit.o)
                0x00003b48                _exit
 *(.rodata)
 .rodata        0x00003b4c       0x3c build/system_LPC824.o
 .rodata        0x00003b88        0x9 build/fsl_usart.o
 *fill*         0x00003b91        0x3 
 .rodata        0x00003b94        0xc build/fsl_adapter_miniusart.o
 .rodata        0x00003ba0        0xf build/fsl_str.o
 *(.rodata*)
 *fill*         0x00003baf        0x1 
 .rodata.all_implied_fbits
                0x00003bb0       0x24 C:/Users/oguzk/OneDrive/Belgeler/KON309/NXP/compiler/bin/../lib/gcc/arm-none-eabi/14.3.1/thumb/v6-m/nofp/crtbegin.o
 .rodata.str1.1
                0x00003bd4       0x79 build/part3.o
 .rodata._ctype_
                0x00003c4d      0x101 C:/Users/oguzk/OneDrive/Belgeler/KON309/NXP/compiler/bin/../lib/gcc/arm-none-eabi/14.3.1/../../../../arm-none-eabi/lib/thumb/v6-m/nofp\libc_nano.a(libc_a-ctype_.o)
                0x00003c4d                _ctype_
 *fill*         0x00003d4e        0x2 
 .rodata.all_implied_fbits
                0x00003d50       0x24 C:/Users/oguzk/OneDrive/Belgeler/KON309/NXP/compiler/bin/../lib/gcc/arm-none-eabi/14.3.1/thumb/v6-m/nofp/crtend.o
 *(.glue_7)
 .glue_7        0x00003d74        0x0 linker stubs
 *(.glue_7t)
 .glue_7t       0x00003d74        0x0 linker stubs
 *(.eh_frame)
 .eh_frame      0x00003d74        0x0 C:/Users/oguzk/OneDrive/Belgeler/KON309/NXP/compiler/bin/../lib/gcc/arm-none-eabi/14.3.1/thumb/v6-m/nofp/crtbegin.o
 .eh_frame      0x00003d74        0x4 C:/Users/oguzk/OneDrive/Belgeler/KON309/NXP/compiler/bin/../lib/gcc/arm-none-eabi/14.3.1/thumb/v6-m/nofp/crtend.o
 *(.init)
 .init          0x00003d78        0x4 C:/Users/oguzk/OneDrive/Belgeler/KON309/NXP/compiler/bin/../lib/gcc/arm-none-eabi/14.3.1/thumb/v6-m/nofp/crti.o
                0x00003d78                _init
 .init          0x00003d7c        0x8 C:/Users/oguzk/OneDrive/Belgeler/KON309/NXP/compiler/bin/../lib/gcc/arm-none-eabi/14.3.1/thumb/v6-m/nofp/crtn.o
 *(.fini)
 .fini          0x00003d84        0x4 C:/Users/oguzk/OneDrive/Belgeler/KON309/NXP/compiler/bin/../lib/gcc/arm-none-eabi/14.3.1/thumb/v6-m/nofp/crti.o
                0x00003d84                _fini
 .fini          0x00003d88        0x8 C:/Users/oguzk/OneDrive/Belgeler/KON309/NXP/compiler/bin/../lib/gcc/arm-none-eabi/14.3.1/thumb/v6-m/nofp/crtn.o
                0x00003d90                        . = ALIGN (0x4)

.vfp11_veneer   0x00003d90        0x0
 .vfp11_veneer  0x00003d90        0x0 linker stubs

.v4_bx          0x00003d90        0x0
 .v4_bx         0x00003d90        0x0 linker stubs

.iplt           0x00003d90        0x0
 .iplt          0x00003d90        0x0 C:/Users/oguzk/OneDrive/Belgeler/KON309/NXP/compiler/bin/../lib/gcc/arm-none-eabi/14.3.1/thumb/v6-m/nofp/crtbegin.o

.ARM.extab      0x00003d90        0x0
 *(.ARM.extab* .gnu.linkonce.armextab.*)
 .ARM.extab     0x00003d90        0x0 C:/Users/oguzk/OneDrive/Belgeler/KON309/NXP/compiler/bin/../lib/gcc/arm-none-eabi/14.3.1/../../../../arm-none-eabi/lib/thumb/v6-m/nofp/crt0.o
 .ARM.extab.text.__udivmoddi4
                0x00003d90        0x0 C:/Users/oguzk/OneDrive/Belgeler/KON309/NXP/compiler/bin/../lib/gcc/arm-none-eabi/14.3.1/thumb/v6-m/nofp\libgcc.a(_udivmoddi4.o)

.ARM            0x00003d90        0x8
                0x00003d90                        __exidx_start = .
 *(.ARM.exidx*)
 .ARM.exidx     0x00003d90        0x8 C:/Users/oguzk/OneDrive/Belgeler/KON309/NXP/compiler/bin/../lib/gcc/arm-none-eabi/14.3.1/../../../../arm-none-eabi/lib/thumb/v6-m/nofp/crt0.o
                                 0x10 (size before relaxing)
 .ARM.exidx.text.__udivmoddi4
                0x00003d98        0x0 C:/Users/oguzk/OneDrive/Belgeler/KON309/NXP/compiler/bin/../lib/gcc/arm-none-eabi/14.3.1/thumb/v6-m/nofp\libgcc.a(_udivmoddi4.o)
                                  0x8 (size before relaxing)
                0x00003d98                        __exidx_end = .

.rel.dyn        0x00003d98        0x0
 .rel.iplt      0x00003d98        0x0 C:/Users/oguzk/OneDrive/Belgeler/KON309/NXP/compiler/bin/../lib/gcc/arm-none-eabi/14.3.1/thumb/v6-m/nofp/crtbegin.o

.ctors          0x00003d98        0x0
                0x00003d98                        __CTOR_LIST__ = .
 *crtbegin.o(.ctors)
 *crtbegin?.o(.ctors)
 *(EXCLUDE_FILE(*crtend.o *crtend?.o) .ctors)
 *(SORT_BY_NAME(.ctors.*))
 *(.ctors)
                0x00003d98                        __CTOR_END__ = .

.dtors          0x00003d98        0x0
                0x00003d98                        __DTOR_LIST__ = .
 *crtbegin.o(.dtors)
 *crtbegin?.o(.dtors)
 *(EXCLUDE_FILE(*crtend.o *crtend?.o) .dtors)
 *(SORT_BY_NAME(.dtors.*))
 *(.dtors)
                0x00003d98                        __DTOR_END__ = .

.preinit_array  0x00003d98        0x0
                0x00003d98                        PROVIDE (__preinit_array_start = .)
 *(.preinit_array*)
                0x00003d98                        PROVIDE (__preinit_array_end = .)

.init_array     0x00003d98        0x4
                0x00003d98                        PROVIDE (__init_array_start = .)
 *(SORT_BY_NAME(.init_array.*))
 *(.init_array*)
 .init_array    0x00003d98        0x4 C:/Users/oguzk/OneDrive/Belgeler/KON309/NXP/compiler/bin/../lib/gcc/arm-none-eabi/14.3.1/thumb/v6-m/nofp/crtbegin.o
                0x00003d9c                        PROVIDE (__init_array_end = .)

.fini_array     0x00003d9c        0x4
                [!provide]                        PROVIDE (__fini_array_start = .)
 *(SORT_BY_NAME(.fini_array.*))
 *(.fini_array*)
 .fini_array    0x00003d9c        0x4 C:/Users/oguzk/OneDrive/Belgeler/KON309/NXP/compiler/bin/../lib/gcc/arm-none-eabi/14.3.1/thumb/v6-m/nofp/crtbegin.o
                [!provide]                        PROVIDE (__fini_array_end = .)
                0x00003da0                        __etext = .
                0x00003da0                        __DATA_ROM = .

.data           0x10000000       0x64 load address 0x00003da0
                0x10000000                        . = ALIGN (0x4)
                0x10000000                        __DATA_RAM = .
                0x10000000                        __data_start__ = .
 *(.ramfunc*)
 *(.data)
 .data          0x10000000        0x0 C:/Users/oguzk/OneDrive/Belgeler/KON309/NXP/compiler/bin/../lib/gcc/arm-none-eabi/14.3.1/thumb/v6-m/nofp/crti.o
 .data          0x10000000        0x0 C:/Users/oguzk/OneDrive/Belgeler/KON309/NXP/compiler/bin/../lib/gcc/arm-none-eabi/14.3.1/thumb/v6-m/nofp/crtbegin.o
 .data          0x10000000        0x0 C:/Users/oguzk/OneDrive/Belgeler/KON309/NXP/compiler/bin/../lib/gcc/arm-none-eabi/14.3.1/../../../../arm-none-eabi/lib/thumb/v6-m/nofp/crt0.o
 .data          0x10000000        0x0 build/part3.o
 .data          0x10000000        0x0 build/pin_mux.o
 .data          0x10000000        0x4 build/system_LPC824.o
                0x10000000                SystemCoreClock
 .data          0x10000004        0x0 build/fsl_common.o
 .data          0x10000004        0x0 build/fsl_common_arm.o
 .data          0x10000004        0x0 build/fsl_gpio.o
 .data          0x10000004        0x0 build/fsl_power.o
 .data          0x10000004        0x0 build/fsl_clock.o
 .data          0x10000004        0x0 build/fsl_reset.o
 .data          0x10000004        0x0 build/fsl_swm.o
 .data          0x10000004        0x0 build/fsl_syscon.o
 .data          0x10000004        0x0 build/fsl_adc.o
 .data          0x10000004        0x0 build/fsl_sctimer.o
 .data          0x10000004        0x0 build/fsl_usart.o
 .data          0x10000004        0x0 build/fsl_adapter_miniusart.o
 .data          0x10000004        0x0 build/fsl_debug_console.o
 .data          0x10000004        0x0 build/fsl_str.o
 .data          0x10000004        0x0 build/startup_LPC824.o
 .data          0x10000004        0x0 C:/Users/oguzk/OneDrive/Belgeler/KON309/NXP/compiler/bin/../lib/gcc/arm-none-eabi/14.3.1/thumb/v6-m/nofp\libgcc.a(_thumb1_case_sqi.o)
 .data          0x10000004        0x0 C:/Users/oguzk/OneDrive/Belgeler/KON309/NXP/compiler/bin/../lib/gcc/arm-none-eabi/14.3.1/thumb/v6-m/nofp\libgcc.a(_thumb1_case_uqi.o)
 .data          0x10000004        0x0 C:/Users/oguzk/OneDrive/Belgeler/KON309/NXP/compiler/bin/../lib/gcc/arm-none-eabi/14.3.1/thumb/v6-m/nofp\libgcc.a(_udivsi3.o)
 .data          0x10000004        0x0 C:/Users/oguzk/OneDrive/Belgeler/KON309/NXP/compiler/bin/../lib/gcc/arm-none-eabi/14.3.1/thumb/v6-m/nofp\libgcc.a(_dvmd_tls.o)
 .data          0x10000004        0x0 C:/Users/oguzk/OneDrive/Belgeler/KON309/NXP/compiler/bin/../lib/gcc/arm-none-eabi/14.3.1/thumb/v6-m/nofp\libgcc.a(_aeabi_uldivmod.o)
 .data          0x10000004        0x0 C:/Users/oguzk/OneDrive/Belgeler/KON309/NXP/compiler/bin/../lib/gcc/arm-none-eabi/14.3.1/thumb/v6-m/nofp\libgcc.a(_muldi3.o)
 .data          0x10000004        0x0 C:/Users/oguzk/OneDrive/Belgeler/KON309/NXP/compiler/bin/../lib/gcc/arm-none-eabi/14.3.1/thumb/v6-m/nofp\libgcc.a(_udivmoddi4.o)
 .data          0x10000004        0x0 C:/Users/oguzk/OneDrive/Belgeler/KON309/NXP/compiler/bin/../lib/gcc/arm-none-eabi/14.3.1/thumb/v6-m/nofp\libgcc.a(muldf3.o)
 .data          0x10000004        0x0 C:/Users/oguzk/OneDrive/Belgeler/KON309/NXP/compiler/bin/../lib/gcc/arm-none-eabi/14.3.1/thumb/v6-m/nofp\libgcc.a(fixdfsi.o)
 .data          0x10000004        0x0 C:/Users/oguzk/OneDrive/Belgeler/KON309/NXP/compiler/bin/../lib/gcc/arm-none-eabi/14.3.1/thumb/v6-m/nofp\libgcc.a(floatunsidf.o)
 .data          0x10000004        0x0 C:/Users/oguzk/OneDrive/Belgeler/KON309/NXP/compiler/bin/../lib/gcc/arm-none-eabi/14.3.1/thumb/v6-m/nofp\libgcc.a(_clzsi2.o)
 .data          0x10000004        0x0 C:/Users/oguzk/OneDrive/Belgeler/KON309/NXP/compiler/bin/../lib/gcc/arm-none-eabi/14.3.1/thumb/v6-m/nofp\libgcc.a(_clzdi2.o)
 .data          0x10000004        0x0 C:/Users/oguzk/OneDrive/Belgeler/KON309/NXP/compiler/bin/../lib/gcc/arm-none-eabi/14.3.1/../../../../arm-none-eabi/lib/thumb/v6-m/nofp\libc_nano.a(libc_a-exit.o)
 .data          0x10000004        0x0 C:/Users/oguzk/OneDrive/Belgeler/KON309/NXP/compiler/bin/../lib/gcc/arm-none-eabi/14.3.1/../../../../arm-none-eabi/lib/thumb/v6-m/nofp\libc_nano.a(libc_a-malloc.o)
 .data          0x10000004        0x0 C:/Users/oguzk/OneDrive/Belgeler/KON309/NXP/compiler/bin/../lib/gcc/arm-none-eabi/14.3.1/../../../../arm-none-eabi/lib/thumb/v6-m/nofp\libc_nano.a(libc_a-mallocr.o)
 .data          0x10000004        0x0 C:/Users/oguzk/OneDrive/Belgeler/KON309/NXP/compiler/bin/../lib/gcc/arm-none-eabi/14.3.1/../../../../arm-none-eabi/lib/thumb/v6-m/nofp\libc_nano.a(libc_a-mlock.o)
 .data          0x10000004        0x0 C:/Users/oguzk/OneDrive/Belgeler/KON309/NXP/compiler/bin/../lib/gcc/arm-none-eabi/14.3.1/../../../../arm-none-eabi/lib/thumb/v6-m/nofp\libc_nano.a(libc_a-strtoul.o)
 .data          0x10000004        0x0 C:/Users/oguzk/OneDrive/Belgeler/KON309/NXP/compiler/bin/../lib/gcc/arm-none-eabi/14.3.1/../../../../arm-none-eabi/lib/thumb/v6-m/nofp\libc_nano.a(libc_a-ctype_.o)
 .data          0x10000004        0x0 C:/Users/oguzk/OneDrive/Belgeler/KON309/NXP/compiler/bin/../lib/gcc/arm-none-eabi/14.3.1/../../../../arm-none-eabi/lib/thumb/v6-m/nofp\libc_nano.a(libc_a-findfp.o)
 .data          0x10000004        0x0 C:/Users/oguzk/OneDrive/Belgeler/KON309/NXP/compiler/bin/../lib/gcc/arm-none-eabi/14.3.1/../../../../arm-none-eabi/lib/thumb/v6-m/nofp\libc_nano.a(libc_a-fwalk.o)
 .data          0x10000004        0x0 C:/Users/oguzk/OneDrive/Belgeler/KON309/NXP/compiler/bin/../lib/gcc/arm-none-eabi/14.3.1/../../../../arm-none-eabi/lib/thumb/v6-m/nofp\libc_nano.a(libc_a-stdio.o)
 .data          0x10000004        0x0 C:/Users/oguzk/OneDrive/Belgeler/KON309/NXP/compiler/bin/../lib/gcc/arm-none-eabi/14.3.1/../../../../arm-none-eabi/lib/thumb/v6-m/nofp\libc_nano.a(libc_a-memset.o)
 .data          0x10000004        0x0 C:/Users/oguzk/OneDrive/Belgeler/KON309/NXP/compiler/bin/../lib/gcc/arm-none-eabi/14.3.1/../../../../arm-none-eabi/lib/thumb/v6-m/nofp\libc_nano.a(libc_a-closer.o)
 .data          0x10000004        0x0 C:/Users/oguzk/OneDrive/Belgeler/KON309/NXP/compiler/bin/../lib/gcc/arm-none-eabi/14.3.1/../../../../arm-none-eabi/lib/thumb/v6-m/nofp\libc_nano.a(libc_a-reent.o)
 .data          0x10000004        0x0 C:/Users/oguzk/OneDrive/Belgeler/KON309/NXP/compiler/bin/../lib/gcc/arm-none-eabi/14.3.1/../../../../arm-none-eabi/lib/thumb/v6-m/nofp\libc_nano.a(libc_a-impure.o)
 .data          0x10000004        0x0 C:/Users/oguzk/OneDrive/Belgeler/KON309/NXP/compiler/bin/../lib/gcc/arm-none-eabi/14.3.1/../../../../arm-none-eabi/lib/thumb/v6-m/nofp\libc_nano.a(libc_a-lseekr.o)
 .data          0x10000004        0x0 C:/Users/oguzk/OneDrive/Belgeler/KON309/NXP/compiler/bin/../lib/gcc/arm-none-eabi/14.3.1/../../../../arm-none-eabi/lib/thumb/v6-m/nofp\libc_nano.a(libc_a-readr.o)
 .data          0x10000004        0x0 C:/Users/oguzk/OneDrive/Belgeler/KON309/NXP/compiler/bin/../lib/gcc/arm-none-eabi/14.3.1/../../../../arm-none-eabi/lib/thumb/v6-m/nofp\libc_nano.a(libc_a-sbrkr.o)
 .data          0x10000004        0x0 C:/Users/oguzk/OneDrive/Belgeler/KON309/NXP/compiler/bin/../lib/gcc/arm-none-eabi/14.3.1/../../../../arm-none-eabi/lib/thumb/v6-m/nofp\libc_nano.a(libc_a-writer.o)
 .data          0x10000004        0x0 C:/Users/oguzk/OneDrive/Belgeler/KON309/NXP/compiler/bin/../lib/gcc/arm-none-eabi/14.3.1/../../../../arm-none-eabi/lib/thumb/v6-m/nofp\libc_nano.a(libc_a-errno.o)
 .data          0x10000004        0x0 C:/Users/oguzk/OneDrive/Belgeler/KON309/NXP/compiler/bin/../lib/gcc/arm-none-eabi/14.3.1/../../../../arm-none-eabi/lib/thumb/v6-m/nofp\libc_nano.a(libc_a-init.o)
 .data          0x10000004        0x0 C:/Users/oguzk/OneDrive/Belgeler/KON309/NXP/compiler/bin/../lib/gcc/arm-none-eabi/14.3.1/../../../../arm-none-eabi/lib/thumb/v6-m/nofp\libc_nano.a(libc_a-lock.o)
 .data          0x10000004        0x0 C:/Users/oguzk/OneDrive/Belgeler/KON309/NXP/compiler/bin/../lib/gcc/arm-none-eabi/14.3.1/../../../../arm-none-eabi/lib/thumb/v6-m/nofp\libc_nano.a(libc_a-memcpy-stub.o)
 .data          0x10000004        0x0 C:/Users/oguzk/OneDrive/Belgeler/KON309/NXP/compiler/bin/../lib/gcc/arm-none-eabi/14.3.1/../../../../arm-none-eabi/lib/thumb/v6-m/nofp\libc_nano.a(libc_a-strlen.o)
 .data          0x10000004        0x0 C:/Users/oguzk/OneDrive/Belgeler/KON309/NXP/compiler/bin/../lib/gcc/arm-none-eabi/14.3.1/../../../../arm-none-eabi/lib/thumb/v6-m/nofp\libc_nano.a(libc_a-freer.o)
 .data          0x10000004        0x0 C:/Users/oguzk/OneDrive/Belgeler/KON309/NXP/compiler/bin/../lib/gcc/arm-none-eabi/14.3.1/../../../../arm-none-eabi/lib/thumb/v6-m/nofp\libc_nano.a(libc_a-fflush.o)
 .data          0x10000004        0x0 C:/Users/oguzk/OneDrive/Belgeler/KON309/NXP/compiler/bin/../lib/gcc/arm-none-eabi/14.3.1/../../../../arm-none-eabi/lib/thumb/v6-m/nofp\libnosys.a(close.o)
 .data          0x10000004        0x0 C:/Users/oguzk/OneDrive/Belgeler/KON309/NXP/compiler/bin/../lib/gcc/arm-none-eabi/14.3.1/../../../../arm-none-eabi/lib/thumb/v6-m/nofp\libnosys.a(lseek.o)
 .data          0x10000004        0x0 C:/Users/oguzk/OneDrive/Belgeler/KON309/NXP/compiler/bin/../lib/gcc/arm-none-eabi/14.3.1/../../../../arm-none-eabi/lib/thumb/v6-m/nofp\libnosys.a(read.o)
 .data          0x10000004        0x0 C:/Users/oguzk/OneDrive/Belgeler/KON309/NXP/compiler/bin/../lib/gcc/arm-none-eabi/14.3.1/../../../../arm-none-eabi/lib/thumb/v6-m/nofp\libnosys.a(sbrk.o)
 .data          0x10000004        0x0 C:/Users/oguzk/OneDrive/Belgeler/KON309/NXP/compiler/bin/../lib/gcc/arm-none-eabi/14.3.1/../../../../arm-none-eabi/lib/thumb/v6-m/nofp\libnosys.a(write.o)
 .data          0x10000004        0x0 C:/Users/oguzk/OneDrive/Belgeler/KON309/NXP/compiler/bin/../lib/gcc/arm-none-eabi/14.3.1/../../../../arm-none-eabi/lib/thumb/v6-m/nofp\libnosys.a(_exit.o)
 .data          0x10000004        0x0 C:/Users/oguzk/OneDrive/Belgeler/KON309/NXP/compiler/bin/../lib/gcc/arm-none-eabi/14.3.1/thumb/v6-m/nofp/crtend.o
 .data          0x10000004        0x0 C:/Users/oguzk/OneDrive/Belgeler/KON309/NXP/compiler/bin/../lib/gcc/arm-none-eabi/14.3.1/thumb/v6-m/nofp/crtn.o
 *(.data*)
 .data.__dso_handle
                0x10000004        0x4 C:/Users/oguzk/OneDrive/Belgeler/KON309/NXP/compiler/bin/../lib/gcc/arm-none-eabi/14.3.1/thumb/v6-m/nofp/crtbegin.o
                0x10000004                __dso_handle
 .data.__sglue  0x10000008        0xc C:/Users/oguzk/OneDrive/Belgeler/KON309/NXP/compiler/bin/../lib/gcc/arm-none-eabi/14.3.1/../../../../arm-none-eabi/lib/thumb/v6-m/nofp\libc_nano.a(libc_a-findfp.o)
                0x10000008                __sglue
 .data._impure_ptr
                0x10000014        0x4 C:/Users/oguzk/OneDrive/Belgeler/KON309/NXP/compiler/bin/../lib/gcc/arm-none-eabi/14.3.1/../../../../arm-none-eabi/lib/thumb/v6-m/nofp\libc_nano.a(libc_a-impure.o)
                0x10000014                _impure_ptr
 .data._impure_data
                0x10000018       0x4c C:/Users/oguzk/OneDrive/Belgeler/KON309/NXP/compiler/bin/../lib/gcc/arm-none-eabi/14.3.1/../../../../arm-none-eabi/lib/thumb/v6-m/nofp\libc_nano.a(libc_a-impure.o)
                0x10000018                _impure_data
 *(.jcr*)
                0x10000064                        . = ALIGN (0x4)
                0x10000064                        __data_end__ = .
                0x00003e04                        __DATA_END = (__DATA_ROM + (__data_end__ - __data_start__))
                0x00008000                        text_end = (ORIGIN (m_text) + LENGTH (m_text))
                0x00000001                        ASSERT ((__DATA_END <= text_end), region m_text overflowed with text and data)

.tm_clone_table
                0x10000064        0x0 load address 0x00003e04
 .tm_clone_table
                0x10000064        0x0 C:/Users/oguzk/OneDrive/Belgeler/KON309/NXP/compiler/bin/../lib/gcc/arm-none-eabi/14.3.1/thumb/v6-m/nofp/crtbegin.o
 .tm_clone_table
                0x10000064        0x0 C:/Users/oguzk/OneDrive/Belgeler/KON309/NXP/compiler/bin/../lib/gcc/arm-none-eabi/14.3.1/thumb/v6-m/nofp/crtend.o

.igot.plt       0x10000064        0x0 load address 0x00003e04
 .igot.plt      0x10000064        0x0 C:/Users/oguzk/OneDrive/Belgeler/KON309/NXP/compiler/bin/../lib/gcc/arm-none-eabi/14.3.1/thumb/v6-m/nofp/crtbegin.o

.bss            0x10000064      0x1e0 load address 0x00003e04
                0x10000064                        . = ALIGN (0x4)
                0x10000064                        __START_BSS = .
                0x10000064                        __bss_start__ = .
 *(.bss)
 .bss           0x10000064        0x0 C:/Users/oguzk/OneDrive/Belgeler/KON309/NXP/compiler/bin/../lib/gcc/arm-none-eabi/14.3.1/thumb/v6-m/nofp/crti.o
 .bss           0x10000064        0x0 C:/Users/oguzk/OneDrive/Belgeler/KON309/NXP/compiler/bin/../lib/gcc/arm-none-eabi/14.3.1/thumb/v6-m/nofp/crtbegin.o
 .bss           0x10000064        0x0 C:/Users/oguzk/OneDrive/Belgeler/KON309/NXP/compiler/bin/../lib/gcc/arm-none-eabi/14.3.1/../../../../arm-none-eabi/lib/thumb/v6-m/nofp/crt0.o
 .bss           0x10000064        0x9 build/part3.o
                0x10000064                ADCResultPtr
                0x10000068                result1
                0x1000006c                ADCConvCompleteFlag
 .bss           0x1000006d        0x0 build/pin_mux.o
 .bss           0x1000006d        0x0 build/system_LPC824.o
 .bss           0x1000006d        0x0 build/fsl_common.o
 .bss           0x1000006d        0x0 build/fsl_common_arm.o
 .bss           0x1000006d        0x0 build/fsl_gpio.o
 .bss           0x1000006d        0x0 build/fsl_power.o
 *fill*         0x1000006d        0x3 
 .bss           0x10000070        0xc build/fsl_clock.o
                0x10000070                g_Ext_Clk_Freq
                0x10000074                g_Wdt_Osc_Freq
 .bss           0x1000007c        0x0 build/fsl_reset.o
 .bss           0x1000007c        0x0 build/fsl_swm.o
 .bss           0x1000007c        0x0 build/fsl_syscon.o
 .bss           0x1000007c        0x0 build/fsl_adc.o
 .bss           0x1000007c       0x34 build/fsl_sctimer.o
 .bss           0x100000b0       0x10 build/fsl_usart.o
 .bss           0x100000c0        0x0 build/fsl_adapter_miniusart.o
 .bss           0x100000c0       0x14 build/fsl_debug_console.o
 .bss           0x100000d4        0x0 build/fsl_str.o
 .bss           0x100000d4        0x0 build/startup_LPC824.o
 .bss           0x100000d4        0x0 C:/Users/oguzk/OneDrive/Belgeler/KON309/NXP/compiler/bin/../lib/gcc/arm-none-eabi/14.3.1/thumb/v6-m/nofp\libgcc.a(_thumb1_case_sqi.o)
 .bss           0x100000d4        0x0 C:/Users/oguzk/OneDrive/Belgeler/KON309/NXP/compiler/bin/../lib/gcc/arm-none-eabi/14.3.1/thumb/v6-m/nofp\libgcc.a(_thumb1_case_uqi.o)
 .bss           0x100000d4        0x0 C:/Users/oguzk/OneDrive/Belgeler/KON309/NXP/compiler/bin/../lib/gcc/arm-none-eabi/14.3.1/thumb/v6-m/nofp\libgcc.a(_udivsi3.o)
 .bss           0x100000d4        0x0 C:/Users/oguzk/OneDrive/Belgeler/KON309/NXP/compiler/bin/../lib/gcc/arm-none-eabi/14.3.1/thumb/v6-m/nofp\libgcc.a(_dvmd_tls.o)
 .bss           0x100000d4        0x0 C:/Users/oguzk/OneDrive/Belgeler/KON309/NXP/compiler/bin/../lib/gcc/arm-none-eabi/14.3.1/thumb/v6-m/nofp\libgcc.a(_aeabi_uldivmod.o)
 .bss           0x100000d4        0x0 C:/Users/oguzk/OneDrive/Belgeler/KON309/NXP/compiler/bin/../lib/gcc/arm-none-eabi/14.3.1/thumb/v6-m/nofp\libgcc.a(_muldi3.o)
 .bss           0x100000d4        0x0 C:/Users/oguzk/OneDrive/Belgeler/KON309/NXP/compiler/bin/../lib/gcc/arm-none-eabi/14.3.1/thumb/v6-m/nofp\libgcc.a(_udivmoddi4.o)
 .bss           0x100000d4        0x0 C:/Users/oguzk/OneDrive/Belgeler/KON309/NXP/compiler/bin/../lib/gcc/arm-none-eabi/14.3.1/thumb/v6-m/nofp\libgcc.a(muldf3.o)
 .bss           0x100000d4        0x0 C:/Users/oguzk/OneDrive/Belgeler/KON309/NXP/compiler/bin/../lib/gcc/arm-none-eabi/14.3.1/thumb/v6-m/nofp\libgcc.a(fixdfsi.o)
 .bss           0x100000d4        0x0 C:/Users/oguzk/OneDrive/Belgeler/KON309/NXP/compiler/bin/../lib/gcc/arm-none-eabi/14.3.1/thumb/v6-m/nofp\libgcc.a(floatunsidf.o)
 .bss           0x100000d4        0x0 C:/Users/oguzk/OneDrive/Belgeler/KON309/NXP/compiler/bin/../lib/gcc/arm-none-eabi/14.3.1/thumb/v6-m/nofp\libgcc.a(_clzsi2.o)
 .bss           0x100000d4        0x0 C:/Users/oguzk/OneDrive/Belgeler/KON309/NXP/compiler/bin/../lib/gcc/arm-none-eabi/14.3.1/thumb/v6-m/nofp\libgcc.a(_clzdi2.o)
 .bss           0x100000d4        0x0 C:/Users/oguzk/OneDrive/Belgeler/KON309/NXP/compiler/bin/../lib/gcc/arm-none-eabi/14.3.1/../../../../arm-none-eabi/lib/thumb/v6-m/nofp\libc_nano.a(libc_a-exit.o)
 .bss           0x100000d4        0x0 C:/Users/oguzk/OneDrive/Belgeler/KON309/NXP/compiler/bin/../lib/gcc/arm-none-eabi/14.3.1/../../../../arm-none-eabi/lib/thumb/v6-m/nofp\libc_nano.a(libc_a-malloc.o)
 .bss           0x100000d4        0x0 C:/Users/oguzk/OneDrive/Belgeler/KON309/NXP/compiler/bin/../lib/gcc/arm-none-eabi/14.3.1/../../../../arm-none-eabi/lib/thumb/v6-m/nofp\libc_nano.a(libc_a-mallocr.o)
 .bss           0x100000d4        0x0 C:/Users/oguzk/OneDrive/Belgeler/KON309/NXP/compiler/bin/../lib/gcc/arm-none-eabi/14.3.1/../../../../arm-none-eabi/lib/thumb/v6-m/nofp\libc_nano.a(libc_a-mlock.o)
 .bss           0x100000d4        0x0 C:/Users/oguzk/OneDrive/Belgeler/KON309/NXP/compiler/bin/../lib/gcc/arm-none-eabi/14.3.1/../../../../arm-none-eabi/lib/thumb/v6-m/nofp\libc_nano.a(libc_a-strtoul.o)
 .bss           0x100000d4        0x0 C:/Users/oguzk/OneDrive/Belgeler/KON309/NXP/compiler/bin/../lib/gcc/arm-none-eabi/14.3.1/../../../../arm-none-eabi/lib/thumb/v6-m/nofp\libc_nano.a(libc_a-ctype_.o)
 .bss           0x100000d4        0x0 C:/Users/oguzk/OneDrive/Belgeler/KON309/NXP/compiler/bin/../lib/gcc/arm-none-eabi/14.3.1/../../../../arm-none-eabi/lib/thumb/v6-m/nofp\libc_nano.a(libc_a-findfp.o)
 .bss           0x100000d4        0x0 C:/Users/oguzk/OneDrive/Belgeler/KON309/NXP/compiler/bin/../lib/gcc/arm-none-eabi/14.3.1/../../../../arm-none-eabi/lib/thumb/v6-m/nofp\libc_nano.a(libc_a-fwalk.o)
 .bss           0x100000d4        0x0 C:/Users/oguzk/OneDrive/Belgeler/KON309/NXP/compiler/bin/../lib/gcc/arm-none-eabi/14.3.1/../../../../arm-none-eabi/lib/thumb/v6-m/nofp\libc_nano.a(libc_a-stdio.o)
 .bss           0x100000d4        0x0 C:/Users/oguzk/OneDrive/Belgeler/KON309/NXP/compiler/bin/../lib/gcc/arm-none-eabi/14.3.1/../../../../arm-none-eabi/lib/thumb/v6-m/nofp\libc_nano.a(libc_a-memset.o)
 .bss           0x100000d4        0x0 C:/Users/oguzk/OneDrive/Belgeler/KON309/NXP/compiler/bin/../lib/gcc/arm-none-eabi/14.3.1/../../../../arm-none-eabi/lib/thumb/v6-m/nofp\libc_nano.a(libc_a-closer.o)
 .bss           0x100000d4        0x0 C:/Users/oguzk/OneDrive/Belgeler/KON309/NXP/compiler/bin/../lib/gcc/arm-none-eabi/14.3.1/../../../../arm-none-eabi/lib/thumb/v6-m/nofp\libc_nano.a(libc_a-reent.o)
 .bss           0x100000d4        0x0 C:/Users/oguzk/OneDrive/Belgeler/KON309/NXP/compiler/bin/../lib/gcc/arm-none-eabi/14.3.1/../../../../arm-none-eabi/lib/thumb/v6-m/nofp\libc_nano.a(libc_a-impure.o)
 .bss           0x100000d4        0x0 C:/Users/oguzk/OneDrive/Belgeler/KON309/NXP/compiler/bin/../lib/gcc/arm-none-eabi/14.3.1/../../../../arm-none-eabi/lib/thumb/v6-m/nofp\libc_nano.a(libc_a-lseekr.o)
 .bss           0x100000d4        0x0 C:/Users/oguzk/OneDrive/Belgeler/KON309/NXP/compiler/bin/../lib/gcc/arm-none-eabi/14.3.1/../../../../arm-none-eabi/lib/thumb/v6-m/nofp\libc_nano.a(libc_a-readr.o)
 .bss           0x100000d4        0x0 C:/Users/oguzk/OneDrive/Belgeler/KON309/NXP/compiler/bin/../lib/gcc/arm-none-eabi/14.3.1/../../../../arm-none-eabi/lib/thumb/v6-m/nofp\libc_nano.a(libc_a-sbrkr.o)
 .bss           0x100000d4        0x0 C:/Users/oguzk/OneDrive/Belgeler/KON309/NXP/compiler/bin/../lib/gcc/arm-none-eabi/14.3.1/../../../../arm-none-eabi/lib/thumb/v6-m/nofp\libc_nano.a(libc_a-writer.o)
 .bss           0x100000d4        0x0 C:/Users/oguzk/OneDrive/Belgeler/KON309/NXP/compiler/bin/../lib/gcc/arm-none-eabi/14.3.1/../../../../arm-none-eabi/lib/thumb/v6-m/nofp\libc_nano.a(libc_a-errno.o)
 .bss           0x100000d4        0x0 C:/Users/oguzk/OneDrive/Belgeler/KON309/NXP/compiler/bin/../lib/gcc/arm-none-eabi/14.3.1/../../../../arm-none-eabi/lib/thumb/v6-m/nofp\libc_nano.a(libc_a-init.o)
 .bss           0x100000d4        0x0 C:/Users/oguzk/OneDrive/Belgeler/KON309/NXP/compiler/bin/../lib/gcc/arm-none-eabi/14.3.1/../../../../arm-none-eabi/lib/thumb/v6-m/nofp\libc_nano.a(libc_a-lock.o)
 .bss           0x100000d4        0x0 C:/Users/oguzk/OneDrive/Belgeler/KON309/NXP/compiler/bin/../lib/gcc/arm-none-eabi/14.3.1/../../../../arm-none-eabi/lib/thumb/v6-m/nofp\libc_nano.a(libc_a-memcpy-stub.o)
 .bss           0x100000d4        0x0 C:/Users/oguzk/OneDrive/Belgeler/KON309/NXP/compiler/bin/../lib/gcc/arm-none-eabi/14.3.1/../../../../arm-none-eabi/lib/thumb/v6-m/nofp\libc_nano.a(libc_a-strlen.o)
 .bss           0x100000d4        0x0 C:/Users/oguzk/OneDrive/Belgeler/KON309/NXP/compiler/bin/../lib/gcc/arm-none-eabi/14.3.1/../../../../arm-none-eabi/lib/thumb/v6-m/nofp\libc_nano.a(libc_a-freer.o)
 .bss           0x100000d4        0x0 C:/Users/oguzk/OneDrive/Belgeler/KON309/NXP/compiler/bin/../lib/gcc/arm-none-eabi/14.3.1/../../../../arm-none-eabi/lib/thumb/v6-m/nofp\libc_nano.a(libc_a-fflush.o)
 .bss           0x100000d4        0x0 C:/Users/oguzk/OneDrive/Belgeler/KON309/NXP/compiler/bin/../lib/gcc/arm-none-eabi/14.3.1/../../../../arm-none-eabi/lib/thumb/v6-m/nofp\libnosys.a(close.o)
 .bss           0x100000d4        0x0 C:/Users/oguzk/OneDrive/Belgeler/KON309/NXP/compiler/bin/../lib/gcc/arm-none-eabi/14.3.1/../../../../arm-none-eabi/lib/thumb/v6-m/nofp\libnosys.a(lseek.o)
 .bss           0x100000d4        0x0 C:/Users/oguzk/OneDrive/Belgeler/KON309/NXP/compiler/bin/../lib/gcc/arm-none-eabi/14.3.1/../../../../arm-none-eabi/lib/thumb/v6-m/nofp\libnosys.a(read.o)
 .bss           0x100000d4        0x0 C:/Users/oguzk/OneDrive/Belgeler/KON309/NXP/compiler/bin/../lib/gcc/arm-none-eabi/14.3.1/../../../../arm-none-eabi/lib/thumb/v6-m/nofp\libnosys.a(sbrk.o)
 .bss           0x100000d4        0x0 C:/Users/oguzk/OneDrive/Belgeler/KON309/NXP/compiler/bin/../lib/gcc/arm-none-eabi/14.3.1/../../../../arm-none-eabi/lib/thumb/v6-m/nofp\libnosys.a(write.o)
 .bss           0x100000d4        0x0 C:/Users/oguzk/OneDrive/Belgeler/KON309/NXP/compiler/bin/../lib/gcc/arm-none-eabi/14.3.1/../../../../arm-none-eabi/lib/thumb/v6-m/nofp\libnosys.a(_exit.o)
 .bss           0x100000d4        0x0 C:/Users/oguzk/OneDrive/Belgeler/KON309/NXP/compiler/bin/../lib/gcc/arm-none-eabi/14.3.1/thumb/v6-m/nofp/crtend.o
 .bss           0x100000d4        0x0 C:/Users/oguzk/OneDrive/Belgeler/KON309/NXP/compiler/bin/../lib/gcc/arm-none-eabi/14.3.1/thumb/v6-m/nofp/crtn.o
 *(.bss*)
 .bss.completed.1
                0x100000d4        0x1 C:/Users/oguzk/OneDrive/Belgeler/KON309/NXP/compiler/bin/../lib/gcc/arm-none-eabi/14.3.1/thumb/v6-m/nofp/crtbegin.o
 *fill*         0x100000d5        0x3 
 .bss.object.0  0x100000d8       0x18 C:/Users/oguzk/OneDrive/Belgeler/KON309/NXP/compiler/bin/../lib/gcc/arm-none-eabi/14.3.1/thumb/v6-m/nofp/crtbegin.o
 .bss.__malloc_sbrk_start
                0x100000f0        0x4 C:/Users/oguzk/OneDrive/Belgeler/KON309/NXP/compiler/bin/../lib/gcc/arm-none-eabi/14.3.1/../../../../arm-none-eabi/lib/thumb/v6-m/nofp\libc_nano.a(libc_a-mallocr.o)
                0x100000f0                __malloc_sbrk_start
 .bss.__malloc_free_list
                0x100000f4        0x4 C:/Users/oguzk/OneDrive/Belgeler/KON309/NXP/compiler/bin/../lib/gcc/arm-none-eabi/14.3.1/../../../../arm-none-eabi/lib/thumb/v6-m/nofp\libc_nano.a(libc_a-mallocr.o)
                0x100000f4                __malloc_free_list
 .bss.__sf      0x100000f8      0x138 C:/Users/oguzk/OneDrive/Belgeler/KON309/NXP/compiler/bin/../lib/gcc/arm-none-eabi/14.3.1/../../../../arm-none-eabi/lib/thumb/v6-m/nofp\libc_nano.a(libc_a-findfp.o)
                0x100000f8                __sf
 .bss.__stdio_exit_handler
                0x10000230        0x4 C:/Users/oguzk/OneDrive/Belgeler/KON309/NXP/compiler/bin/../lib/gcc/arm-none-eabi/14.3.1/../../../../arm-none-eabi/lib/thumb/v6-m/nofp\libc_nano.a(libc_a-findfp.o)
                0x10000230                __stdio_exit_handler
 .bss.errno     0x10000234        0x4 C:/Users/oguzk/OneDrive/Belgeler/KON309/NXP/compiler/bin/../lib/gcc/arm-none-eabi/14.3.1/../../../../arm-none-eabi/lib/thumb/v6-m/nofp\libc_nano.a(libc_a-reent.o)
                0x10000234                errno
 .bss.__lock___arc4random_mutex
                0x10000238        0x1 C:/Users/oguzk/OneDrive/Belgeler/KON309/NXP/compiler/bin/../lib/gcc/arm-none-eabi/14.3.1/../../../../arm-none-eabi/lib/thumb/v6-m/nofp\libc_nano.a(libc_a-lock.o)
                0x10000238                __lock___arc4random_mutex
 .bss.__lock___dd_hash_mutex
                0x10000239        0x1 C:/Users/oguzk/OneDrive/Belgeler/KON309/NXP/compiler/bin/../lib/gcc/arm-none-eabi/14.3.1/../../../../arm-none-eabi/lib/thumb/v6-m/nofp\libc_nano.a(libc_a-lock.o)
                0x10000239                __lock___dd_hash_mutex
 .bss.__lock___tz_mutex
                0x1000023a        0x1 C:/Users/oguzk/OneDrive/Belgeler/KON309/NXP/compiler/bin/../lib/gcc/arm-none-eabi/14.3.1/../../../../arm-none-eabi/lib/thumb/v6-m/nofp\libc_nano.a(libc_a-lock.o)
                0x1000023a                __lock___tz_mutex
 .bss.__lock___env_recursive_mutex
                0x1000023b        0x1 C:/Users/oguzk/OneDrive/Belgeler/KON309/NXP/compiler/bin/../lib/gcc/arm-none-eabi/14.3.1/../../../../arm-none-eabi/lib/thumb/v6-m/nofp\libc_nano.a(libc_a-lock.o)
                0x1000023b                __lock___env_recursive_mutex
 .bss.__lock___malloc_recursive_mutex
                0x1000023c        0x1 C:/Users/oguzk/OneDrive/Belgeler/KON309/NXP/compiler/bin/../lib/gcc/arm-none-eabi/14.3.1/../../../../arm-none-eabi/lib/thumb/v6-m/nofp\libc_nano.a(libc_a-lock.o)
                0x1000023c                __lock___malloc_recursive_mutex
 .bss.__lock___at_quick_exit_mutex
                0x1000023d        0x1 C:/Users/oguzk/OneDrive/Belgeler/KON309/NXP/compiler/bin/../lib/gcc/arm-none-eabi/14.3.1/../../../../arm-none-eabi/lib/thumb/v6-m/nofp\libc_nano.a(libc_a-lock.o)
                0x1000023d                __lock___at_quick_exit_mutex
 .bss.__lock___atexit_recursive_mutex
                0x1000023e        0x1 C:/Users/oguzk/OneDrive/Belgeler/KON309/NXP/compiler/bin/../lib/gcc/arm-none-eabi/14.3.1/../../../../arm-none-eabi/lib/thumb/v6-m/nofp\libc_nano.a(libc_a-lock.o)
                0x1000023e                __lock___atexit_recursive_mutex
 .bss.__lock___sfp_recursive_mutex
                0x1000023f        0x1 C:/Users/oguzk/OneDrive/Belgeler/KON309/NXP/compiler/bin/../lib/gcc/arm-none-eabi/14.3.1/../../../../arm-none-eabi/lib/thumb/v6-m/nofp\libc_nano.a(libc_a-lock.o)
                0x1000023f                __lock___sfp_recursive_mutex
 .bss.heap_end.0
                0x10000240        0x4 C:/Users/oguzk/OneDrive/Belgeler/KON309/NXP/compiler/bin/../lib/gcc/arm-none-eabi/14.3.1/../../../../arm-none-eabi/lib/thumb/v6-m/nofp\libnosys.a(sbrk.o)
 *(COMMON)
                0x10000244                        . = ALIGN (0x4)
                0x10000244                        __bss_end__ = .
                0x10000244                        __END_BSS = .

.heap           0x10000244      0x404 load address 0x00003fe4
                0x10000248                        . = ALIGN (0x8)
 *fill*         0x10000244        0x4 
                0x10000248                        __end__ = .
                0x10000248                        PROVIDE (end = .)
                0x10000248                        __HeapBase = .
                0x10000648                        . = (. + HEAP_SIZE)
 *fill*         0x10000248      0x400 
                0x10000648                        __HeapLimit = .
                0x10000648                        __heap_limit = .

.stack          0x10000648      0x800 load address 0x000043e8
                0x10000648                        . = ALIGN (0x8)
                0x10000e48                        . = (. + STACK_SIZE)
 *fill*         0x10000648      0x800 
                0x10001fe0                        __StackTop = (ORIGIN (m_data) + LENGTH (m_data))
                0x100017e0                        __StackLimit = (__StackTop - STACK_SIZE)
                0x10001fe0                        PROVIDE (__stack = __StackTop)

.ARM.attributes
                0x00000000       0x28
 *(.ARM.attributes)
 .ARM.attributes
                0x00000000       0x1e C:/Users/oguzk/OneDrive/Belgeler/KON309/NXP/compiler/bin/../lib/gcc/arm-none-eabi/14.3.1/thumb/v6-m/nofp/crti.o
 .ARM.attributes
                0x0000001e       0x2c C:/Users/oguzk/OneDrive/Belgeler/KON309/NXP/compiler/bin/../lib/gcc/arm-none-eabi/14.3.1/thumb/v6-m/nofp/crtbegin.o
 .ARM.attributes
                0x0000004a       0x1b C:/Users/oguzk/OneDrive/Belgeler/KON309/NXP/compiler/bin/../lib/gcc/arm-none-eabi/14.3.1/../../../../arm-none-eabi/lib/thumb/v6-m/nofp/crt0.o
 .ARM.attributes
                0x00000065       0x2c build/part3.o
 .ARM.attributes
                0x00000091       0x2c build/pin_mux.o
 .ARM.attributes
                0x000000bd       0x2c build/system_LPC824.o
 .ARM.attributes
                0x000000e9       0x2c build/fsl_common.o
 .ARM.attributes
                0x00000115       0x2c build/fsl_common_arm.o
 .ARM.attributes
                0x00000141       0x2c build/fsl_gpio.o
 .ARM.attributes
                0x0000016d       0x2c build/fsl_power.o
 .ARM.attributes
                0x00000199       0x2c build/fsl_clock.o
 .ARM.attributes
                0x000001c5       0x2c build/fsl_reset.o
 .ARM.attributes
                0x000001f1       0x2c build/fsl_swm.o
 .ARM.attributes
                0x0000021d       0x2c build/fsl_syscon.o
 .ARM.attributes
                0x00000249       0x2c build/fsl_adc.o
 .ARM.attributes
                0x00000275       0x2c build/fsl_sctimer.o
 .ARM.attributes
                0x000002a1       0x2c build/fsl_usart.o
 .ARM.attributes
                0x000002cd       0x2c build/fsl_adapter_miniusart.o
 .ARM.attributes
                0x000002f9       0x2c build/fsl_debug_console.o
 .ARM.attributes
                0x00000325       0x2c build/fsl_str.o
 .ARM.attributes
                0x00000351       0x1b build/startup_LPC824.o
 .ARM.attributes
                0x0000036c       0x1e C:/Users/oguzk/OneDrive/Belgeler/KON309/NXP/compiler/bin/../lib/gcc/arm-none-eabi/14.3.1/thumb/v6-m/nofp\libgcc.a(_thumb1_case_sqi.o)
 .ARM.attributes
                0x0000038a       0x1e C:/Users/oguzk/OneDrive/Belgeler/KON309/NXP/compiler/bin/../lib/gcc/arm-none-eabi/14.3.1/thumb/v6-m/nofp\libgcc.a(_thumb1_case_uqi.o)
 .ARM.attributes
                0x000003a8       0x1e C:/Users/oguzk/OneDrive/Belgeler/KON309/NXP/compiler/bin/../lib/gcc/arm-none-eabi/14.3.1/thumb/v6-m/nofp\libgcc.a(_udivsi3.o)
 .ARM.attributes
                0x000003c6       0x1e C:/Users/oguzk/OneDrive/Belgeler/KON309/NXP/compiler/bin/../lib/gcc/arm-none-eabi/14.3.1/thumb/v6-m/nofp\libgcc.a(_dvmd_tls.o)
 .ARM.attributes
                0x000003e4       0x1e C:/Users/oguzk/OneDrive/Belgeler/KON309/NXP/compiler/bin/../lib/gcc/arm-none-eabi/14.3.1/thumb/v6-m/nofp\libgcc.a(_aeabi_uldivmod.o)
 .ARM.attributes
                0x00000402       0x2c C:/Users/oguzk/OneDrive/Belgeler/KON309/NXP/compiler/bin/../lib/gcc/arm-none-eabi/14.3.1/thumb/v6-m/nofp\libgcc.a(_muldi3.o)
 .ARM.attributes
                0x0000042e       0x2c C:/Users/oguzk/OneDrive/Belgeler/KON309/NXP/compiler/bin/../lib/gcc/arm-none-eabi/14.3.1/thumb/v6-m/nofp\libgcc.a(_udivmoddi4.o)
 .ARM.attributes
                0x0000045a       0x2c C:/Users/oguzk/OneDrive/Belgeler/KON309/NXP/compiler/bin/../lib/gcc/arm-none-eabi/14.3.1/thumb/v6-m/nofp\libgcc.a(muldf3.o)
 .ARM.attributes
                0x00000486       0x2c C:/Users/oguzk/OneDrive/Belgeler/KON309/NXP/compiler/bin/../lib/gcc/arm-none-eabi/14.3.1/thumb/v6-m/nofp\libgcc.a(fixdfsi.o)
 .ARM.attributes
                0x000004b2       0x2c C:/Users/oguzk/OneDrive/Belgeler/KON309/NXP/compiler/bin/../lib/gcc/arm-none-eabi/14.3.1/thumb/v6-m/nofp\libgcc.a(floatunsidf.o)
 .ARM.attributes
                0x000004de       0x1e C:/Users/oguzk/OneDrive/Belgeler/KON309/NXP/compiler/bin/../lib/gcc/arm-none-eabi/14.3.1/thumb/v6-m/nofp\libgcc.a(_clzsi2.o)
 .ARM.attributes
                0x000004fc       0x1e C:/Users/oguzk/OneDrive/Belgeler/KON309/NXP/compiler/bin/../lib/gcc/arm-none-eabi/14.3.1/thumb/v6-m/nofp\libgcc.a(_clzdi2.o)
 .ARM.attributes
                0x0000051a       0x2c C:/Users/oguzk/OneDrive/Belgeler/KON309/NXP/compiler/bin/../lib/gcc/arm-none-eabi/14.3.1/../../../../arm-none-eabi/lib/thumb/v6-m/nofp\libc_nano.a(libc_a-exit.o)
 .ARM.attributes
                0x00000546       0x2c C:/Users/oguzk/OneDrive/Belgeler/KON309/NXP/compiler/bin/../lib/gcc/arm-none-eabi/14.3.1/../../../../arm-none-eabi/lib/thumb/v6-m/nofp\libc_nano.a(libc_a-malloc.o)
 .ARM.attributes
                0x00000572       0x2c C:/Users/oguzk/OneDrive/Belgeler/KON309/NXP/compiler/bin/../lib/gcc/arm-none-eabi/14.3.1/../../../../arm-none-eabi/lib/thumb/v6-m/nofp\libc_nano.a(libc_a-mallocr.o)
 .ARM.attributes
                0x0000059e       0x2c C:/Users/oguzk/OneDrive/Belgeler/KON309/NXP/compiler/bin/../lib/gcc/arm-none-eabi/14.3.1/../../../../arm-none-eabi/lib/thumb/v6-m/nofp\libc_nano.a(libc_a-mlock.o)
 .ARM.attributes
                0x000005ca       0x2c C:/Users/oguzk/OneDrive/Belgeler/KON309/NXP/compiler/bin/../lib/gcc/arm-none-eabi/14.3.1/../../../../arm-none-eabi/lib/thumb/v6-m/nofp\libc_nano.a(libc_a-strtoul.o)
 .ARM.attributes
                0x000005f6       0x2c C:/Users/oguzk/OneDrive/Belgeler/KON309/NXP/compiler/bin/../lib/gcc/arm-none-eabi/14.3.1/../../../../arm-none-eabi/lib/thumb/v6-m/nofp\libc_nano.a(libc_a-ctype_.o)
 .ARM.attributes
                0x00000622       0x2c C:/Users/oguzk/OneDrive/Belgeler/KON309/NXP/compiler/bin/../lib/gcc/arm-none-eabi/14.3.1/../../../../arm-none-eabi/lib/thumb/v6-m/nofp\libc_nano.a(libc_a-findfp.o)
 .ARM.attributes
                0x0000064e       0x2c C:/Users/oguzk/OneDrive/Belgeler/KON309/NXP/compiler/bin/../lib/gcc/arm-none-eabi/14.3.1/../../../../arm-none-eabi/lib/thumb/v6-m/nofp\libc_nano.a(libc_a-fwalk.o)
 .ARM.attributes
                0x0000067a       0x2c C:/Users/oguzk/OneDrive/Belgeler/KON309/NXP/compiler/bin/../lib/gcc/arm-none-eabi/14.3.1/../../../../arm-none-eabi/lib/thumb/v6-m/nofp\libc_nano.a(libc_a-stdio.o)
 .ARM.attributes
                0x000006a6       0x2c C:/Users/oguzk/OneDrive/Belgeler/KON309/NXP/compiler/bin/../lib/gcc/arm-none-eabi/14.3.1/../../../../arm-none-eabi/lib/thumb/v6-m/nofp\libc_nano.a(libc_a-memset.o)
 .ARM.attributes
                0x000006d2       0x2c C:/Users/oguzk/OneDrive/Belgeler/KON309/NXP/compiler/bin/../lib/gcc/arm-none-eabi/14.3.1/../../../../arm-none-eabi/lib/thumb/v6-m/nofp\libc_nano.a(libc_a-closer.o)
 .ARM.attributes
                0x000006fe       0x2c C:/Users/oguzk/OneDrive/Belgeler/KON309/NXP/compiler/bin/../lib/gcc/arm-none-eabi/14.3.1/../../../../arm-none-eabi/lib/thumb/v6-m/nofp\libc_nano.a(libc_a-reent.o)
 .ARM.attributes
                0x0000072a       0x2c C:/Users/oguzk/OneDrive/Belgeler/KON309/NXP/compiler/bin/../lib/gcc/arm-none-eabi/14.3.1/../../../../arm-none-eabi/lib/thumb/v6-m/nofp\libc_nano.a(libc_a-impure.o)
 .ARM.attributes
                0x00000756       0x2c C:/Users/oguzk/OneDrive/Belgeler/KON309/NXP/compiler/bin/../lib/gcc/arm-none-eabi/14.3.1/../../../../arm-none-eabi/lib/thumb/v6-m/nofp\libc_nano.a(libc_a-lseekr.o)
 .ARM.attributes
                0x00000782       0x2c C:/Users/oguzk/OneDrive/Belgeler/KON309/NXP/compiler/bin/../lib/gcc/arm-none-eabi/14.3.1/../../../../arm-none-eabi/lib/thumb/v6-m/nofp\libc_nano.a(libc_a-readr.o)
 .ARM.attributes
                0x000007ae       0x2c C:/Users/oguzk/OneDrive/Belgeler/KON309/NXP/compiler/bin/../lib/gcc/arm-none-eabi/14.3.1/../../../../arm-none-eabi/lib/thumb/v6-m/nofp\libc_nano.a(libc_a-sbrkr.o)
 .ARM.attributes
                0x000007da       0x2c C:/Users/oguzk/OneDrive/Belgeler/KON309/NXP/compiler/bin/../lib/gcc/arm-none-eabi/14.3.1/../../../../arm-none-eabi/lib/thumb/v6-m/nofp\libc_nano.a(libc_a-writer.o)
 .ARM.attributes
                0x00000806       0x2c C:/Users/oguzk/OneDrive/Belgeler/KON309/NXP/compiler/bin/../lib/gcc/arm-none-eabi/14.3.1/../../../../arm-none-eabi/lib/thumb/v6-m/nofp\libc_nano.a(libc_a-errno.o)
 .ARM.attributes
                0x00000832       0x2c C:/Users/oguzk/OneDrive/Belgeler/KON309/NXP/compiler/bin/../lib/gcc/arm-none-eabi/14.3.1/../../../../arm-none-eabi/lib/thumb/v6-m/nofp\libc_nano.a(libc_a-init.o)
 .ARM.attributes
                0x0000085e       0x2c C:/Users/oguzk/OneDrive/Belgeler/KON309/NXP/compiler/bin/../lib/gcc/arm-none-eabi/14.3.1/../../../../arm-none-eabi/lib/thumb/v6-m/nofp\libc_nano.a(libc_a-lock.o)
 .ARM.attributes
                0x0000088a       0x2c C:/Users/oguzk/OneDrive/Belgeler/KON309/NXP/compiler/bin/../lib/gcc/arm-none-eabi/14.3.1/../../../../arm-none-eabi/lib/thumb/v6-m/nofp\libc_nano.a(libc_a-memcpy-stub.o)
 .ARM.attributes
                0x000008b6       0x1c C:/Users/oguzk/OneDrive/Belgeler/KON309/NXP/compiler/bin/../lib/gcc/arm-none-eabi/14.3.1/../../../../arm-none-eabi/lib/thumb/v6-m/nofp\libc_nano.a(libc_a-strlen.o)
 .ARM.attributes
                0x000008d2       0x2c C:/Users/oguzk/OneDrive/Belgeler/KON309/NXP/compiler/bin/../lib/gcc/arm-none-eabi/14.3.1/../../../../arm-none-eabi/lib/thumb/v6-m/nofp\libc_nano.a(libc_a-freer.o)
 .ARM.attributes
                0x000008fe       0x2c C:/Users/oguzk/OneDrive/Belgeler/KON309/NXP/compiler/bin/../lib/gcc/arm-none-eabi/14.3.1/../../../../arm-none-eabi/lib/thumb/v6-m/nofp\libc_nano.a(libc_a-fflush.o)
 .ARM.attributes
                0x0000092a       0x2c C:/Users/oguzk/OneDrive/Belgeler/KON309/NXP/compiler/bin/../lib/gcc/arm-none-eabi/14.3.1/../../../../arm-none-eabi/lib/thumb/v6-m/nofp\libnosys.a(close.o)
 .ARM.attributes
                0x00000956       0x2c C:/Users/oguzk/OneDrive/Belgeler/KON309/NXP/compiler/bin/../lib/gcc/arm-none-eabi/14.3.1/../../../../arm-none-eabi/lib/thumb/v6-m/nofp\libnosys.a(lseek.o)
 .ARM.attributes
                0x00000982       0x2c C:/Users/oguzk/OneDrive/Belgeler/KON309/NXP/compiler/bin/../lib/gcc/arm-none-eabi/14.3.1/../../../../arm-none-eabi/lib/thumb/v6-m/nofp\libnosys.a(read.o)
 .ARM.attributes
                0x000009ae       0x2c C:/Users/oguzk/OneDrive/Belgeler/KON309/NXP/compiler/bin/../lib/gcc/arm-none-eabi/14.3.1/../../../../arm-none-eabi/lib/thumb/v6-m/nofp\libnosys.a(sbrk.o)
 .ARM.attributes
                0x000009da       0x2c C:/Users/oguzk/OneDrive/Belgeler/KON309/NXP/compiler/bin/../lib/gcc/arm-none-eabi/14.3.1/../../../../arm-none-eabi/lib/thumb/v6-m/nofp\libnosys.a(write.o)
 .ARM.attributes
                0x00000a06       0x2c C:/Users/oguzk/OneDrive/Belgeler/KON309/NXP/compiler/bin/../lib/gcc/arm-none-eabi/14.3.1/../../../../arm-none-eabi/lib/thumb/v6-m/nofp\libnosys.a(_exit.o)
 .ARM.attributes
                0x00000a32       0x2c C:/Users/oguzk/OneDrive/Belgeler/KON309/NXP/compiler/bin/../lib/gcc/arm-none-eabi/14.3.1/thumb/v6-m/nofp/crtend.o
 .ARM.attributes
                0x00000a5e       0x1e C:/Users/oguzk/OneDrive/Belgeler/KON309/NXP/compiler/bin/../lib/gcc/arm-none-eabi/14.3.1/thumb/v6-m/nofp/crtn.o
                0x00000001                        ASSERT ((__StackLimit >= __HeapLimit), region m_data overflowed with stack and heap)
OUTPUT(build/adc_tim.elf elf32-littlearm)
LOAD linker stubs

.debug_line_str
                0x00000000      0x28e
 .debug_line_str
                0x00000000      0x28e C:/Users/oguzk/OneDrive/Belgeler/KON309/NXP/compiler/bin/../lib/gcc/arm-none-eabi/14.3.1/../../../../arm-none-eabi/lib/thumb/v6-m/nofp/crt0.o
                                 0xd2 (size before relaxing)
 .debug_line_str
                0x0000028e       0xc9 C:/Users/oguzk/OneDrive/Belgeler/KON309/NXP/compiler/bin/../lib/gcc/arm-none-eabi/14.3.1/thumb/v6-m/nofp\libgcc.a(_thumb1_case_sqi.o)
 .debug_line_str
                0x0000028e       0xc9 C:/Users/oguzk/OneDrive/Belgeler/KON309/NXP/compiler/bin/../lib/gcc/arm-none-eabi/14.3.1/thumb/v6-m/nofp\libgcc.a(_thumb1_case_uqi.o)
 .debug_line_str
                0x0000028e       0xc9 C:/Users/oguzk/OneDrive/Belgeler/KON309/NXP/compiler/bin/../lib/gcc/arm-none-eabi/14.3.1/thumb/v6-m/nofp\libgcc.a(_udivsi3.o)
 .debug_line_str
                0x0000028e       0xc9 C:/Users/oguzk/OneDrive/Belgeler/KON309/NXP/compiler/bin/../lib/gcc/arm-none-eabi/14.3.1/thumb/v6-m/nofp\libgcc.a(_dvmd_tls.o)
 .debug_line_str
                0x0000028e       0xc9 C:/Users/oguzk/OneDrive/Belgeler/KON309/NXP/compiler/bin/../lib/gcc/arm-none-eabi/14.3.1/thumb/v6-m/nofp\libgcc.a(_aeabi_uldivmod.o)
 .debug_line_str
                0x0000028e       0xc9 C:/Users/oguzk/OneDrive/Belgeler/KON309/NXP/compiler/bin/../lib/gcc/arm-none-eabi/14.3.1/thumb/v6-m/nofp\libgcc.a(_clzsi2.o)
 .debug_line_str
                0x0000028e       0xc9 C:/Users/oguzk/OneDrive/Belgeler/KON309/NXP/compiler/bin/../lib/gcc/arm-none-eabi/14.3.1/thumb/v6-m/nofp\libgcc.a(_clzdi2.o)
 .debug_line_str
                0x0000028e       0xe7 C:/Users/oguzk/OneDrive/Belgeler/KON309/NXP/compiler/bin/../lib/gcc/arm-none-eabi/14.3.1/../../../../arm-none-eabi/lib/thumb/v6-m/nofp\libc_nano.a(libc_a-strlen.o)

.comment        0x00000000       0x46
 .comment       0x00000000       0x46 build/part3.o
                                 0x47 (size before relaxing)
 .comment       0x00000046       0x47 build/pin_mux.o
 .comment       0x00000046       0x47 build/system_LPC824.o
 .comment       0x00000046       0x47 build/fsl_common.o
 .comment       0x00000046       0x47 build/fsl_common_arm.o
 .comment       0x00000046       0x47 build/fsl_gpio.o
 .comment       0x00000046       0x47 build/fsl_power.o
 .comment       0x00000046       0x47 build/fsl_clock.o
 .comment       0x00000046       0x47 build/fsl_reset.o
 .comment       0x00000046       0x47 build/fsl_swm.o
 .comment       0x00000046       0x47 build/fsl_syscon.o
 .comment       0x00000046       0x47 build/fsl_adc.o
 .comment       0x00000046       0x47 build/fsl_sctimer.o
 .comment       0x00000046       0x47 build/fsl_usart.o
 .comment       0x00000046       0x47 build/fsl_adapter_miniusart.o
 .comment       0x00000046       0x47 build/fsl_debug_console.o
 .comment       0x00000046       0x47 build/fsl_str.o

.debug_frame    0x00000000      0x830
 .debug_frame   0x00000000       0x20 C:/Users/oguzk/OneDrive/Belgeler/KON309/NXP/compiler/bin/../lib/gcc/arm-none-eabi/14.3.1/thumb/v6-m/nofp\libgcc.a(_udivsi3.o)
 .debug_frame   0x00000020       0x34 C:/Users/oguzk/OneDrive/Belgeler/KON309/NXP/compiler/bin/../lib/gcc/arm-none-eabi/14.3.1/thumb/v6-m/nofp\libgcc.a(_muldi3.o)
 .debug_frame   0x00000054       0x3c C:/Users/oguzk/OneDrive/Belgeler/KON309/NXP/compiler/bin/../lib/gcc/arm-none-eabi/14.3.1/thumb/v6-m/nofp\libgcc.a(_udivmoddi4.o)
 .debug_frame   0x00000090       0x3c C:/Users/oguzk/OneDrive/Belgeler/KON309/NXP/compiler/bin/../lib/gcc/arm-none-eabi/14.3.1/thumb/v6-m/nofp\libgcc.a(muldf3.o)
 .debug_frame   0x000000cc       0x30 C:/Users/oguzk/OneDrive/Belgeler/KON309/NXP/compiler/bin/../lib/gcc/arm-none-eabi/14.3.1/thumb/v6-m/nofp\libgcc.a(fixdfsi.o)
 .debug_frame   0x000000fc       0x28 C:/Users/oguzk/OneDrive/Belgeler/KON309/NXP/compiler/bin/../lib/gcc/arm-none-eabi/14.3.1/thumb/v6-m/nofp\libgcc.a(floatunsidf.o)
 .debug_frame   0x00000124       0x28 C:/Users/oguzk/OneDrive/Belgeler/KON309/NXP/compiler/bin/../lib/gcc/arm-none-eabi/14.3.1/../../../../arm-none-eabi/lib/thumb/v6-m/nofp\libc_nano.a(libc_a-exit.o)
 .debug_frame   0x0000014c       0x40 C:/Users/oguzk/OneDrive/Belgeler/KON309/NXP/compiler/bin/../lib/gcc/arm-none-eabi/14.3.1/../../../../arm-none-eabi/lib/thumb/v6-m/nofp\libc_nano.a(libc_a-malloc.o)
 .debug_frame   0x0000018c       0x50 C:/Users/oguzk/OneDrive/Belgeler/KON309/NXP/compiler/bin/../lib/gcc/arm-none-eabi/14.3.1/../../../../arm-none-eabi/lib/thumb/v6-m/nofp\libc_nano.a(libc_a-mallocr.o)
 .debug_frame   0x000001dc       0x40 C:/Users/oguzk/OneDrive/Belgeler/KON309/NXP/compiler/bin/../lib/gcc/arm-none-eabi/14.3.1/../../../../arm-none-eabi/lib/thumb/v6-m/nofp\libc_nano.a(libc_a-mlock.o)
 .debug_frame   0x0000021c       0x78 C:/Users/oguzk/OneDrive/Belgeler/KON309/NXP/compiler/bin/../lib/gcc/arm-none-eabi/14.3.1/../../../../arm-none-eabi/lib/thumb/v6-m/nofp\libc_nano.a(libc_a-strtoul.o)
 .debug_frame   0x00000294      0x138 C:/Users/oguzk/OneDrive/Belgeler/KON309/NXP/compiler/bin/../lib/gcc/arm-none-eabi/14.3.1/../../../../arm-none-eabi/lib/thumb/v6-m/nofp\libc_nano.a(libc_a-findfp.o)
 .debug_frame   0x000003cc       0x34 C:/Users/oguzk/OneDrive/Belgeler/KON309/NXP/compiler/bin/../lib/gcc/arm-none-eabi/14.3.1/../../../../arm-none-eabi/lib/thumb/v6-m/nofp\libc_nano.a(libc_a-fwalk.o)
 .debug_frame   0x00000400       0x90 C:/Users/oguzk/OneDrive/Belgeler/KON309/NXP/compiler/bin/../lib/gcc/arm-none-eabi/14.3.1/../../../../arm-none-eabi/lib/thumb/v6-m/nofp\libc_nano.a(libc_a-stdio.o)
 .debug_frame   0x00000490       0x20 C:/Users/oguzk/OneDrive/Belgeler/KON309/NXP/compiler/bin/../lib/gcc/arm-none-eabi/14.3.1/../../../../arm-none-eabi/lib/thumb/v6-m/nofp\libc_nano.a(libc_a-memset.o)
 .debug_frame   0x000004b0       0x2c C:/Users/oguzk/OneDrive/Belgeler/KON309/NXP/compiler/bin/../lib/gcc/arm-none-eabi/14.3.1/../../../../arm-none-eabi/lib/thumb/v6-m/nofp\libc_nano.a(libc_a-closer.o)
 .debug_frame   0x000004dc       0x2c C:/Users/oguzk/OneDrive/Belgeler/KON309/NXP/compiler/bin/../lib/gcc/arm-none-eabi/14.3.1/../../../../arm-none-eabi/lib/thumb/v6-m/nofp\libc_nano.a(libc_a-reent.o)